Archive member included to satisfy reference by file (symbol)

D:/apps/STM32CubeIDE/plugins/com.st.stm32cube.ide.mcu.externaltools.gnu-tools-for-stm32.12.3.rel1.win32_1.1.0.202410251130/tools/bin/../lib/gcc/arm-none-eabi/12.3.1/../../../../arm-none-eabi/lib/thumb/v7e-m+fp/hard\libm.a(libm_a-sf_fmax.o)
                              ./Core/Src/main.o (fmaxf)
D:/apps/STM32CubeIDE/plugins/com.st.stm32cube.ide.mcu.externaltools.gnu-tools-for-stm32.12.3.rel1.win32_1.1.0.202410251130/tools/bin/../lib/gcc/arm-none-eabi/12.3.1/../../../../arm-none-eabi/lib/thumb/v7e-m+fp/hard\libm.a(libm_a-sf_fpclassify.o)
                              D:/apps/STM32CubeIDE/plugins/com.st.stm32cube.ide.mcu.externaltools.gnu-tools-for-stm32.12.3.rel1.win32_1.1.0.202410251130/tools/bin/../lib/gcc/arm-none-eabi/12.3.1/../../../../arm-none-eabi/lib/thumb/v7e-m+fp/hard\libm.a(libm_a-sf_fmax.o) (__fpclassifyf)
D:/apps/STM32CubeIDE/plugins/com.st.stm32cube.ide.mcu.externaltools.gnu-tools-for-stm32.12.3.rel1.win32_1.1.0.202410251130/tools/bin/../lib/gcc/arm-none-eabi/12.3.1/../../../../arm-none-eabi/lib/thumb/v7e-m+fp/hard\libc_nano.a(libc_a-exit.o)
                              D:/apps/STM32CubeIDE/plugins/com.st.stm32cube.ide.mcu.externaltools.gnu-tools-for-stm32.12.3.rel1.win32_1.1.0.202410251130/tools/bin/../lib/gcc/arm-none-eabi/12.3.1/../../../../arm-none-eabi/lib/thumb/v7e-m+fp/hard/crt0.o (exit)
D:/apps/STM32CubeIDE/plugins/com.st.stm32cube.ide.mcu.externaltools.gnu-tools-for-stm32.12.3.rel1.win32_1.1.0.202410251130/tools/bin/../lib/gcc/arm-none-eabi/12.3.1/../../../../arm-none-eabi/lib/thumb/v7e-m+fp/hard\libc_nano.a(libc_a-findfp.o)
                              D:/apps/STM32CubeIDE/plugins/com.st.stm32cube.ide.mcu.externaltools.gnu-tools-for-stm32.12.3.rel1.win32_1.1.0.202410251130/tools/bin/../lib/gcc/arm-none-eabi/12.3.1/../../../../arm-none-eabi/lib/thumb/v7e-m+fp/hard\libc_nano.a(libc_a-exit.o) (__stdio_exit_handler)
D:/apps/STM32CubeIDE/plugins/com.st.stm32cube.ide.mcu.externaltools.gnu-tools-for-stm32.12.3.rel1.win32_1.1.0.202410251130/tools/bin/../lib/gcc/arm-none-eabi/12.3.1/../../../../arm-none-eabi/lib/thumb/v7e-m+fp/hard\libc_nano.a(libc_a-fwalk.o)
                              D:/apps/STM32CubeIDE/plugins/com.st.stm32cube.ide.mcu.externaltools.gnu-tools-for-stm32.12.3.rel1.win32_1.1.0.202410251130/tools/bin/../lib/gcc/arm-none-eabi/12.3.1/../../../../arm-none-eabi/lib/thumb/v7e-m+fp/hard\libc_nano.a(libc_a-findfp.o) (_fwalk_sglue)
D:/apps/STM32CubeIDE/plugins/com.st.stm32cube.ide.mcu.externaltools.gnu-tools-for-stm32.12.3.rel1.win32_1.1.0.202410251130/tools/bin/../lib/gcc/arm-none-eabi/12.3.1/../../../../arm-none-eabi/lib/thumb/v7e-m+fp/hard\libc_nano.a(libc_a-sprintf.o)
                              ./Core/Src/main.o (sprintf)
D:/apps/STM32CubeIDE/plugins/com.st.stm32cube.ide.mcu.externaltools.gnu-tools-for-stm32.12.3.rel1.win32_1.1.0.202410251130/tools/bin/../lib/gcc/arm-none-eabi/12.3.1/../../../../arm-none-eabi/lib/thumb/v7e-m+fp/hard\libc_nano.a(libc_a-stdio.o)
                              D:/apps/STM32CubeIDE/plugins/com.st.stm32cube.ide.mcu.externaltools.gnu-tools-for-stm32.12.3.rel1.win32_1.1.0.202410251130/tools/bin/../lib/gcc/arm-none-eabi/12.3.1/../../../../arm-none-eabi/lib/thumb/v7e-m+fp/hard\libc_nano.a(libc_a-findfp.o) (__sread)
D:/apps/STM32CubeIDE/plugins/com.st.stm32cube.ide.mcu.externaltools.gnu-tools-for-stm32.12.3.rel1.win32_1.1.0.202410251130/tools/bin/../lib/gcc/arm-none-eabi/12.3.1/../../../../arm-none-eabi/lib/thumb/v7e-m+fp/hard\libc_nano.a(libc_a-memset.o)
                              D:/apps/STM32CubeIDE/plugins/com.st.stm32cube.ide.mcu.externaltools.gnu-tools-for-stm32.12.3.rel1.win32_1.1.0.202410251130/tools/bin/../lib/gcc/arm-none-eabi/12.3.1/../../../../arm-none-eabi/lib/thumb/v7e-m+fp/hard/crt0.o (memset)
D:/apps/STM32CubeIDE/plugins/com.st.stm32cube.ide.mcu.externaltools.gnu-tools-for-stm32.12.3.rel1.win32_1.1.0.202410251130/tools/bin/../lib/gcc/arm-none-eabi/12.3.1/../../../../arm-none-eabi/lib/thumb/v7e-m+fp/hard\libc_nano.a(libc_a-closer.o)
                              D:/apps/STM32CubeIDE/plugins/com.st.stm32cube.ide.mcu.externaltools.gnu-tools-for-stm32.12.3.rel1.win32_1.1.0.202410251130/tools/bin/../lib/gcc/arm-none-eabi/12.3.1/../../../../arm-none-eabi/lib/thumb/v7e-m+fp/hard\libc_nano.a(libc_a-stdio.o) (_close_r)
D:/apps/STM32CubeIDE/plugins/com.st.stm32cube.ide.mcu.externaltools.gnu-tools-for-stm32.12.3.rel1.win32_1.1.0.202410251130/tools/bin/../lib/gcc/arm-none-eabi/12.3.1/../../../../arm-none-eabi/lib/thumb/v7e-m+fp/hard\libc_nano.a(libc_a-reent.o)
                              D:/apps/STM32CubeIDE/plugins/com.st.stm32cube.ide.mcu.externaltools.gnu-tools-for-stm32.12.3.rel1.win32_1.1.0.202410251130/tools/bin/../lib/gcc/arm-none-eabi/12.3.1/../../../../arm-none-eabi/lib/thumb/v7e-m+fp/hard\libc_nano.a(libc_a-closer.o) (errno)
[...]
Memory Configuration

Name             Origin             Length             Attributes
RAM              0x20000000         0x0000c000         xrw
RAM2             0x10000000         0x00004000         xrw
FLASH            0x08000000         0x00040000         xr
*default*        0x00000000         0xffffffff

Linker script and memory map

LOAD D:/apps/STM32CubeIDE/plugins/com.st.stm32cube.ide.mcu.externaltools.gnu-tools-for-stm32.12.3.rel1.win32_1.1.0.202410251130/tools/bin/../lib/gcc/arm-none-eabi/12.3.1/thumb/v7e-m+fp/hard/crti.o
LOAD D:/apps/STM32CubeIDE/plugins/com.st.stm32cube.ide.mcu.externaltools.gnu-tools-for-stm32.12.3.rel1.win32_1.1.0.202410251130/tools/bin/../lib/gcc/arm-none-eabi/12.3.1/thumb/v7e-m+fp/hard/crtbegin.o
LOAD D:/apps/STM32CubeIDE/plugins/com.st.stm32cube.ide.mcu.externaltools.gnu-tools-for-stm32.12.3.rel1.win32_1.1.0.202410251130/tools/bin/../lib/gcc/arm-none-eabi/12.3.1/../../../../arm-none-eabi/lib/thumb/v7e-m+fp/hard/crt0.o
LOAD ./Core/Src/main.o
LOAD ./Core/Src/stm32l4xx_hal_msp.o
LOAD ./Core/Src/stm32l4xx_it.o
LOAD ./Core/Src/syscalls.o
LOAD ./Core/Src/sysmem.o
LOAD ./Core/Src/system_stm32l4xx.o
LOAD ./Core/Startup/startup_stm32l433rctxp.o
LOAD ./Drivers/STM32L4xx_HAL_Driver/Src/stm32l4xx_hal.o
LOAD ./Drivers/STM32L4xx_HAL_Driver/Src/stm32l4xx_hal_cortex.o
LOAD ./Drivers/STM32L4xx_HAL_Driver/Src/stm32l4xx_hal_dma.o
LOAD ./Drivers/STM32L4xx_HAL_Driver/Src/stm32l4xx_hal_dma_ex.o
LOAD ./Drivers/STM32L4xx_HAL_Driver/Src/stm32l4xx_hal_exti.o
LOAD ./Drivers/STM32L4xx_HAL_Driver/Src/stm32l4xx_hal_flash.o
LOAD ./Drivers/STM32L4xx_HAL_Driver/Src/stm32l4xx_hal_flash_ex.o
LOAD ./Drivers/STM32L4xx_HAL_Driver/Src/stm32l4xx_hal_flash_ramfunc.o
LOAD ./Drivers/STM32L4xx_HAL_Driver/Src/stm32l4xx_hal_gpio.o
LOAD ./Drivers/STM32L4xx_HAL_Driver/Src/stm32l4xx_hal_i2c.o
LOAD ./Drivers/STM32L4xx_HAL_Driver/Src/stm32l4xx_hal_i2c_ex.o
LOAD ./Drivers/STM32L4xx_HAL_Driver/Src/stm32l4xx_hal_pwr.o
LOAD ./Drivers/STM32L4xx_HAL_Driver/Src/stm32l4xx_hal_pwr_ex.o
LOAD ./Drivers/STM32L4xx_HAL_Driver/Src/stm32l4xx_hal_rcc.o
LOAD ./Drivers/STM32L4xx_HAL_Driver/Src/stm32l4xx_hal_rcc_ex.o
LOAD ./Drivers/STM32L4xx_HAL_Driver/Src/stm32l4xx_hal_tim.o
LOAD ./Drivers/STM32L4xx_HAL_Driver/Src/stm32l4xx_hal_tim_ex.o
LOAD ./Drivers/STM32L4xx_HAL_Driver/Src/stm32l4xx_hal_uart.o
LOAD ./Drivers/STM32L4xx_HAL_Driver/Src/stm32l4xx_hal_uart_ex.o
START GROUP
LOAD D:/apps/STM32CubeIDE/plugins/com.st.stm32cube.ide.mcu.externaltools.gnu-tools-for-stm32.12.3.rel1.win32_1.1.0.202410251130/tools/bin/../lib/gcc/arm-none-eabi/12.3.1/../../../../arm-none-eabi/lib/thumb/v7e-m+fp/hard\libstdc++_nano.a
LOAD D:/apps/STM32CubeIDE/plugins/com.st.stm32cube.ide.mcu.externaltools.gnu-tools-for-stm32.12.3.rel1.win32_1.1.0.202410251130/tools/bin/../lib/gcc/arm-none-eabi/12.3.1/../../../../arm-none-eabi/lib/thumb/v7e-m+fp/hard\libsupc++_nano.a
END GROUP
LOAD D:/apps/STM32CubeIDE/plugins/com.st.stm32cube.ide.mcu.externaltools.gnu-tools-for-stm32.12.3.rel1.win32_1.1.0.202410251130/tools/bin/../lib/gcc/arm-none-eabi/12.3.1/../../../../arm-none-eabi/lib/thumb/v7e-m+fp/hard\libstdc++_nano.a
LOAD D:/apps/STM32CubeIDE/plugins/com.st.stm32cube.ide.mcu.externaltools.gnu-tools-for-stm32.12.3.rel1.win32_1.1.0.202410251130/tools/bin/../lib/gcc/arm-none-eabi/12.3.1/../../../../arm-none-eabi/lib/thumb/v7e-m+fp/hard\libm.a
LOAD D:/apps/STM32CubeIDE/plugins/com.st.stm32cube.ide.mcu.externaltools.gnu-tools-for-stm32.12.3.rel1.win32_1.1.0.202410251130/tools/bin/../lib/gcc/arm-none-eabi/12.3.1/../../../../arm-none-eabi/lib/thumb/v7e-m+fp/hard\libc_nano.a
START GROUP
LOAD D:/apps/STM32CubeIDE/plugins/com.st.stm32cube.ide.mcu.externaltools.gnu-tools-for-stm32.12.3.rel1.win32_1.1.0.202410251130/tools/bin/../lib/gcc/arm-none-eabi/12.3.1/thumb/v7e-m+fp/hard\libgcc.a
LOAD D:/apps/STM32CubeIDE/plugins/com.st.stm32cube.ide.mcu.externaltools.gnu-tools-for-stm32.12.3.rel1.win32_1.1.0.202410251130/tools/bin/../lib/gcc/arm-none-eabi/12.3.1/../../../../arm-none-eabi/lib/thumb/v7e-m+fp/hard\libc_nano.a
END GROUP
START GROUP
LOAD D:/apps/STM32CubeIDE/plugins/com.st.stm32cube.ide.mcu.externaltools.gnu-tools-for-stm32.12.3.rel1.win32_1.1.0.202410251130/tools/bin/../lib/gcc/arm-none-eabi/12.3.1/thumb/v7e-m+fp/hard\libgcc.a
LOAD D:/apps/STM32CubeIDE/plugins/com.st.stm32cube.ide.mcu.externaltools.gnu-tools-for-stm32.12.3.rel1.win32_1.1.0.202410251130/tools/bin/../lib/gcc/arm-none-eabi/12.3.1/../../../../arm-none-eabi/lib/thumb/v7e-m+fp/hard\libc_nano.a
END GROUP
LOAD D:/apps/STM32CubeIDE/plugins/com.st.stm32cube.ide.mcu.externaltools.gnu-tools-for-stm32.12.3.rel1.win32_1.1.0.202410251130/tools/bin/../lib/gcc/arm-none-eabi/12.3.1/thumb/v7e-m+fp/hard/crtend.o
LOAD D:/apps/STM32CubeIDE/plugins/com.st.stm32cube.ide.mcu.externaltools.gnu-tools-for-stm32.12.3.rel1.win32_1.1.0.202410251130/tools/bin/../lib/gcc/arm-none-eabi/12.3.1/thumb/v7e-m+fp/hard/crtn.o
                0x2000c000                        _estack = (ORIGIN (RAM) + LENGTH (RAM))
                0x00000200                        _Min_Heap_Size = 0x200
                0x00000400                        _Min_Stack_Size = 0x400

.isr_vector     0x08000000      0x18c
                0x08000000                        . = ALIGN (0x4)
 *(.isr_vector)
 .isr_vector    0x08000000      0x18c ./Core/Startup/startup_stm32l433rctxp.o
                0x08000000                g_pfnVectors
                0x0800018c                        . = ALIGN (0x4)

.text           0x08000190     0x5fb8
                0x08000190                        . = ALIGN (0x4)
 *(.text)
 .text          0x08000190       0x40 D:/apps/STM32CubeIDE/plugins/com.st.stm32cube.ide.mcu.externaltools.gnu-tools-for-stm32.12.3.rel1.win32_1.1.0.202410251130/tools/bin/../lib/gcc/arm-none-eabi/12.3.1/thumb/v7e-m+fp/hard/crtbegin.o
 .text          0x080001d0       0xa0 D:/apps/STM32CubeIDE/plugins/com.st.stm32cube.ide.mcu.externaltools.gnu-tools-for-stm32.12.3.rel1.win32_1.1.0.202410251130/tools/bin/../lib/gcc/arm-none-eabi/12.3.1/../../../../arm-none-eabi/lib/thumb/v7e-m+fp/hard\libc_nano.a(libc_a-memchr.o)
                0x080001d0                memchr
 .text          0x08000270      0x378 D:/apps/STM32CubeIDE/plugins/com.st.stm32cube.ide.mcu.externaltools.gnu-tools-for-stm32.12.3.rel1.win32_1.1.0.202410251130/tools/bin/../lib/gcc/arm-none-eabi/12.3.1/thumb/v7e-m+fp/hard\libgcc.a(_arm_addsubdf3.o)
                0x08000270                __aeabi_drsub
                0x08000278                __aeabi_dsub
                0x08000278                __subdf3
                0x0800027c                __aeabi_dadd
                0x0800027c                __adddf3
                0x080004f4                __floatunsidf
                0x080004f4                __aeabi_ui2d
                0x08000514                __floatsidf
                0x08000514                __aeabi_i2d
                0x08000538                __aeabi_f2d
                0x08000538                __extendsfdf2
                0x0800057c                __floatundidf
                0x0800057c                __aeabi_ul2d
                0x0800058c                __floatdidf
                0x0800058c                __aeabi_l2d
 .text          0x080005e8       0x30 D:/apps/STM32CubeIDE/plugins/com.st.stm32cube.ide.mcu.externaltools.gnu-tools-for-stm32.12.3.rel1.win32_1.1.0.202410251130/tools/bin/../lib/gcc/arm-none-eabi/12.3.1/thumb/v7e-m+fp/hard\libgcc.a(_aeabi_uldivmod.o)
                0x080005e8                __aeabi_uldivmod
 .text          0x08000618      0x2bc D:/apps/STM32CubeIDE/plugins/com.st.stm32cube.ide.mcu.externaltools.gnu-tools-for-stm32.12.3.rel1.win32_1.1.0.202410251130/tools/bin/../lib/gcc/arm-none-eabi/12.3.1/thumb/v7e-m+fp/hard\libgcc.a(_udivmoddi4.o)
                0x08000618                __udivmoddi4
 .text          0x080008d4        0x4 D:/apps/STM32CubeIDE/plugins/com.st.stm32cube.ide.mcu.externaltools.gnu-tools-for-stm32.12.3.rel1.win32_1.1.0.202410251130/tools/bin/../lib/gcc/arm-none-eabi/12.3.1/thumb/v7e-m+fp/hard\libgcc.a(_dvmd_tls.o)
                0x080008d4                __aeabi_idiv0
                0x080008d4                __aeabi_ldiv0
 *(.text*)
 .text._ZL19Modbus_CalculateCRCPht
                0x080008d8       0x78 ./Core/Src/main.o
 .text._ZL18Modbus_SendCommandPht
                0x08000950       0x38 ./Core/Src/main.o
 .text._ZL19Motor_Excitation_ONh
                0x08000988       0x7c ./Core/Src/main.o
 .text._ZL20Motor_Excitation_OFFh
                0x08000a04       0x7c ./Core/Src/main.o
 .text._ZL19Motor_Speed_Controlhs
                0x08000a80      0x134 ./Core/Src/main.o
 .text._Z18Motor_CW_Low_Speedh
                0x08000bb4       0x32 ./Core/Src/main.o
                0x08000bb4                Motor_CW_Low_Speed(unsigned char)
 .text._Z18Motor_CW_Mid_Speedh
                0x08000be6       0x34 ./Core/Src/main.o
                0x08000be6                Motor_CW_Mid_Speed(unsigned char)
 .text._Z19Motor_CW_High_Speedh
                0x08000c1a       0x34 ./Core/Src/main.o
                0x08000c1a                Motor_CW_High_Speed(unsigned char)
 .text._Z19Motor_CCW_Low_Speedh
                0x08000c4e       0x36 ./Core/Src/main.o
                0x08000c4e                Motor_CCW_Low_Speed(unsigned char)
 .text._Z19Motor_CCW_Mid_Speedh
                0x08000c84       0x38 ./Core/Src/main.o
                0x08000c84                Motor_CCW_Mid_Speed(unsigned char)
 .text._Z20Motor_CCW_High_Speedh
                0x08000cbc       0x38 ./Core/Src/main.o
                0x08000cbc                Motor_CCW_High_Speed(unsigned char)
 .text._Z10Motor_Stoph
                0x08000cf4       0x1e ./Core/Src/main.o
                0x08000cf4                Motor_Stop(unsigned char)
 .text._ZL13writeRegisterP11ADS1xx5_I2Cht
                0x08000d12       0x42 ./Core/Src/main.o
 .text._ZL12readRegisterP11ADS1xx5_I2Ch
                0x08000d54       0x52 ./Core/Src/main.o
 .text._ZL8ADSbeginP11ADS1xx5_I2C
                0x08000da6       0x3c ./Core/Src/main.o
 .text._Z7ADS1115P11ADS1xx5_I2CP19__I2C_HandleTypeDefh
                0x08000de2       0x42 ./Core/Src/main.o
                0x08000de2                ADS1115(ADS1xx5_I2C*, __I2C_HandleTypeDef*, unsigned char)
 .text._Z10ADSsetGainP11ADS1xx5_I2C9adsGain_t
                0x08000e24       0x1e ./Core/Src/main.o
                0x08000e24                ADSsetGain(ADS1xx5_I2C*, adsGain_t)
 .text._Z27ADSreadADC_Differential_0_1P11ADS1xx5_I2C
                0x08000e42       0x7e ./Core/Src/main.o
                0x08000e42                ADSreadADC_Differential_0_1(ADS1xx5_I2C*)
 .text._Z8PID_loopv
                0x08000ec0      0x1bc ./Core/Src/main.o
                0x08000ec0                PID_loop()
 .text._Z15Pay_Out_controlv
                0x0800107c       0x8c ./Core/Src/main.o
                0x0800107c                Pay_Out_control()
 .text._Z14Pay_In_controlv
                0x08001108       0x8c ./Core/Src/main.o
                0x08001108                Pay_In_control()
 .text._Z11ReadButtonsv
                0x08001194       0x6c ./Core/Src/main.o
                0x08001194                ReadButtons()
 .text._Z21ReadButtons_Debouncedv
                0x08001200       0x8a ./Core/Src/main.o
                0x08001200                ReadButtons_Debounced()
 *fill*         0x0800128a        0x2 
 .text._Z19UpdateOperationModev
                0x0800128c       0x30 ./Core/Src/main.o
                0x0800128c                UpdateOperationMode()
 .text._Z20UpdateManualControlsv
                0x080012bc       0x98 ./Core/Src/main.o
                0x080012bc                UpdateManualControls()
 .text._Z18UpdateAutoControlsv
                0x08001354       0x60 ./Core/Src/main.o
                0x08001354                UpdateAutoControls()
 .text._Z13ControlSystemv
                0x080013b4      0x1b4 ./Core/Src/main.o
                0x080013b4                ControlSystem()
 .text._ZL28determine_rotation_directionl
                0x08001568       0x20 ./Core/Src/main.o
 .text._ZL15send_cable_infov
                0x08001588       0x6c ./Core/Src/main.o
 .text._ZL23calculate_cable_metricsv
                0x080015f4      0x10c ./Core/Src/main.o
 .text._ZL18cable_metrics_initv
                0x08001700       0x44 ./Core/Src/main.o
 .text.main     0x08001744       0x48 ./Core/Src/main.o
                0x08001744                main
 .text._Z18SystemClock_Configv
                0x0800178c       0xc0 ./Core/Src/main.o
                0x0800178c                SystemClock_Config()
 .text._ZL12MX_I2C3_Initv
                0x0800184c       0x9c ./Core/Src/main.o
 .text._ZL12MX_TIM2_Initv
                0x080018e8       0xbc ./Core/Src/main.o
 .text._ZL19MX_USART1_UART_Initv
                0x080019a4       0x68 ./Core/Src/main.o
 .text._ZL19MX_USART2_UART_Initv
                0x08001a0c       0x68 ./Core/Src/main.o
 .text._ZL12MX_GPIO_Initv
                0x08001a74      0x14c ./Core/Src/main.o
 .text.Error_Handler
                0x08001bc0        0xc ./Core/Src/main.o
                0x08001bc0                Error_Handler
 .text.HAL_MspInit
                0x08001bcc       0x64 ./Core/Src/stm32l4xx_hal_msp.o
                0x08001bcc                HAL_MspInit
 .text.HAL_I2C_MspInit
                0x08001c30       0xb8 ./Core/Src/stm32l4xx_hal_msp.o
                0x08001c30                HAL_I2C_MspInit
 .text.HAL_TIM_Encoder_MspInit
                0x08001ce8       0x80 ./Core/Src/stm32l4xx_hal_msp.o
                0x08001ce8                HAL_TIM_Encoder_MspInit
 .text.HAL_UART_MspInit
                0x08001d68      0x140 ./Core/Src/stm32l4xx_hal_msp.o
                0x08001d68                HAL_UART_MspInit
 .text.NMI_Handler
                0x08001ea8        0x8 ./Core/Src/stm32l4xx_it.o
                0x08001ea8                NMI_Handler
 .text.HardFault_Handler
                0x08001eb0        0x8 ./Core/Src/stm32l4xx_it.o
                0x08001eb0                HardFault_Handler
 .text.MemManage_Handler
                0x08001eb8        0x8 ./Core/Src/stm32l4xx_it.o
                0x08001eb8                MemManage_Handler
 .text.BusFault_Handler
                0x08001ec0        0x8 ./Core/Src/stm32l4xx_it.o
                0x08001ec0                BusFault_Handler
 .text.UsageFault_Handler
                0x08001ec8        0x8 ./Core/Src/stm32l4xx_it.o
                0x08001ec8                UsageFault_Handler
 .text.SVC_Handler
                0x08001ed0        0xe ./Core/Src/stm32l4xx_it.o
                0x08001ed0                SVC_Handler
 .text.DebugMon_Handler
                0x08001ede        0xe ./Core/Src/stm32l4xx_it.o
                0x08001ede                DebugMon_Handler
 .text.PendSV_Handler
                0x08001eec        0xe ./Core/Src/stm32l4xx_it.o
                0x08001eec                PendSV_Handler
 .text.SysTick_Handler
                0x08001efa        0xc ./Core/Src/stm32l4xx_it.o
                0x08001efa                SysTick_Handler
 *fill*         0x08001f06        0x2 
 .text._sbrk    0x08001f08       0x6c ./Core/Src/sysmem.o
                0x08001f08                _sbrk
 .text.SystemInit
                0x08001f74       0x24 ./Core/Src/system_stm32l4xx.o
                0x08001f74                SystemInit
 .text.Reset_Handler
                0x08001f98       0x50 ./Core/Startup/startup_stm32l433rctxp.o
                0x08001f98                Reset_Handler
 .text.Default_Handler
                0x08001fe8        0x2 ./Core/Startup/startup_stm32l433rctxp.o
                0x08001fe8                RTC_Alarm_IRQHandler
                0x08001fe8                EXTI2_IRQHandler
                0x08001fe8                TIM1_CC_IRQHandler
                0x08001fe8                TSC_IRQHandler
                0x08001fe8                TAMP_STAMP_IRQHandler
                0x08001fe8                EXTI3_IRQHandler
                0x08001fe8                LPTIM2_IRQHandler
                0x08001fe8                I2C3_ER_IRQHandler
                0x08001fe8                EXTI0_IRQHandler
                0x08001fe8                I2C2_EV_IRQHandler
                0x08001fe8                CAN1_RX0_IRQHandler
                0x08001fe8                FPU_IRQHandler
                0x08001fe8                TIM1_UP_TIM16_IRQHandler
                0x08001fe8                SPI1_IRQHandler
                0x08001fe8                TIM6_DAC_IRQHandler
                0x08001fe8                DMA2_Channel2_IRQHandler
                0x08001fe8                DMA1_Channel4_IRQHandler
                0x08001fe8                ADC1_IRQHandler
                0x08001fe8                USART3_IRQHandler
                0x08001fe8                DMA1_Channel7_IRQHandler
                0x08001fe8                CAN1_RX1_IRQHandler
                0x08001fe8                LCD_IRQHandler
                0x08001fe8                DMA2_Channel1_IRQHandler
                0x08001fe8                QUADSPI_IRQHandler
                0x08001fe8                I2C1_EV_IRQHandler
                0x08001fe8                DMA1_Channel6_IRQHandler
                0x08001fe8                DMA2_Channel4_IRQHandler
                0x08001fe8                RCC_IRQHandler
                0x08001fe8                TIM1_TRG_COM_IRQHandler
                0x08001fe8                DMA1_Channel1_IRQHandler
                0x08001fe8                Default_Handler
                0x08001fe8                DMA2_Channel7_IRQHandler
                0x08001fe8                EXTI15_10_IRQHandler
                0x08001fe8                TIM7_IRQHandler
                0x08001fe8                SDMMC1_IRQHandler
                0x08001fe8                I2C3_EV_IRQHandler
                0x08001fe8                USB_IRQHandler
                0x08001fe8                EXTI9_5_IRQHandler
                0x08001fe8                RTC_WKUP_IRQHandler
                0x08001fe8                PVD_PVM_IRQHandler
                0x08001fe8                SPI2_IRQHandler
                0x08001fe8                CAN1_TX_IRQHandler
                0x08001fe8                DMA2_Channel5_IRQHandler
                0x08001fe8                CRS_IRQHandler
                0x08001fe8                DMA1_Channel5_IRQHandler
                0x08001fe8                EXTI4_IRQHandler
                0x08001fe8                RNG_IRQHandler
                0x08001fe8                DMA1_Channel3_IRQHandler
                0x08001fe8                COMP_IRQHandler
                0x08001fe8                WWDG_IRQHandler
                0x08001fe8                LPUART1_IRQHandler
                0x08001fe8                DMA2_Channel6_IRQHandler
                0x08001fe8                TIM2_IRQHandler
                0x08001fe8                EXTI1_IRQHandler
                0x08001fe8                USART2_IRQHandler
                0x08001fe8                I2C2_ER_IRQHandler
                0x08001fe8                DMA1_Channel2_IRQHandler
                0x08001fe8                CAN1_SCE_IRQHandler
                0x08001fe8                FLASH_IRQHandler
                0x08001fe8                USART1_IRQHandler
                0x08001fe8                SPI3_IRQHandler
                0x08001fe8                I2C1_ER_IRQHandler
                0x08001fe8                SWPMI1_IRQHandler
                0x08001fe8                LPTIM1_IRQHandler
                0x08001fe8                SAI1_IRQHandler
                0x08001fe8                DMA2_Channel3_IRQHandler
                0x08001fe8                TIM1_BRK_TIM15_IRQHandler
 *fill*         0x08001fea        0x2 
 .text.HAL_Init
                0x08001fec       0x40 ./Drivers/STM32L4xx_HAL_Driver/Src/stm32l4xx_hal.o
                0x08001fec                HAL_Init
 .text.HAL_InitTick
                0x0800202c       0x78 ./Drivers/STM32L4xx_HAL_Driver/Src/stm32l4xx_hal.o
                0x0800202c                HAL_InitTick
 .text.HAL_IncTick
                0x080020a4       0x28 ./Drivers/STM32L4xx_HAL_Driver/Src/stm32l4xx_hal.o
                0x080020a4                HAL_IncTick
 .text.HAL_GetTick
                0x080020cc       0x18 ./Drivers/STM32L4xx_HAL_Driver/Src/stm32l4xx_hal.o
                0x080020cc                HAL_GetTick
 .text.HAL_Delay
                0x080020e4       0x48 ./Drivers/STM32L4xx_HAL_Driver/Src/stm32l4xx_hal.o
                0x080020e4                HAL_Delay
 .text.__NVIC_SetPriorityGrouping
                0x0800212c       0x48 ./Drivers/STM32L4xx_HAL_Driver/Src/stm32l4xx_hal_cortex.o
 .text.__NVIC_GetPriorityGrouping
                0x08002174       0x1c ./Drivers/STM32L4xx_HAL_Driver/Src/stm32l4xx_hal_cortex.o
 .text.__NVIC_SetPriority
                0x08002190       0x54 ./Drivers/STM32L4xx_HAL_Driver/Src/stm32l4xx_hal_cortex.o
 .text.NVIC_EncodePriority
                0x080021e4       0x66 ./Drivers/STM32L4xx_HAL_Driver/Src/stm32l4xx_hal_cortex.o
 *fill*         0x0800224a        0x2 
 .text.SysTick_Config
                0x0800224c       0x44 ./Drivers/STM32L4xx_HAL_Driver/Src/stm32l4xx_hal_cortex.o
 .text.HAL_NVIC_SetPriorityGrouping
                0x08002290       0x16 ./Drivers/STM32L4xx_HAL_Driver/Src/stm32l4xx_hal_cortex.o
                0x08002290                HAL_NVIC_SetPriorityGrouping
 .text.HAL_NVIC_SetPriority
                0x080022a6       0x38 ./Drivers/STM32L4xx_HAL_Driver/Src/stm32l4xx_hal_cortex.o
                0x080022a6                HAL_NVIC_SetPriority
 .text.HAL_SYSTICK_Config
                0x080022de       0x18 ./Drivers/STM32L4xx_HAL_Driver/Src/stm32l4xx_hal_cortex.o
                0x080022de                HAL_SYSTICK_Config
 *fill*         0x080022f6        0x2 
 .text.HAL_GPIO_Init
                0x080022f8      0x2f4 ./Drivers/STM32L4xx_HAL_Driver/Src/stm32l4xx_hal_gpio.o
                0x080022f8                HAL_GPIO_Init
 .text.HAL_GPIO_ReadPin
                0x080025ec       0x30 ./Drivers/STM32L4xx_HAL_Driver/Src/stm32l4xx_hal_gpio.o
                0x080025ec                HAL_GPIO_ReadPin
 .text.HAL_GPIO_WritePin
                0x0800261c       0x30 ./Drivers/STM32L4xx_HAL_Driver/Src/stm32l4xx_hal_gpio.o
                0x0800261c                HAL_GPIO_WritePin
 .text.HAL_I2C_Init
                0x0800264c      0x136 ./Drivers/STM32L4xx_HAL_Driver/Src/stm32l4xx_hal_i2c.o
                0x0800264c                HAL_I2C_Init
 *fill*         0x08002782        0x2 
 .text.HAL_I2C_Master_Transmit
                0x08002784      0x230 ./Drivers/STM32L4xx_HAL_Driver/Src/stm32l4xx_hal_i2c.o
                0x08002784                HAL_I2C_Master_Transmit
 .text.HAL_I2C_Master_Receive
                0x080029b4      0x1ec ./Drivers/STM32L4xx_HAL_Driver/Src/stm32l4xx_hal_i2c.o
                0x080029b4                HAL_I2C_Master_Receive
 .text.HAL_I2C_IsDeviceReady
                0x08002ba0      0x1d8 ./Drivers/STM32L4xx_HAL_Driver/Src/stm32l4xx_hal_i2c.o
                0x08002ba0                HAL_I2C_IsDeviceReady
 .text.I2C_Flush_TXDR
                0x08002d78       0x48 ./Drivers/STM32L4xx_HAL_Driver/Src/stm32l4xx_hal_i2c.o
 .text.I2C_WaitOnFlagUntilTimeout
                0x08002dc0       0xb2 ./Drivers/STM32L4xx_HAL_Driver/Src/stm32l4xx_hal_i2c.o
 .text.I2C_WaitOnTXISFlagUntilTimeout
                0x08002e72       0x8e ./Drivers/STM32L4xx_HAL_Driver/Src/stm32l4xx_hal_i2c.o
 .text.I2C_WaitOnSTOPFlagUntilTimeout
                0x08002f00       0x86 ./Drivers/STM32L4xx_HAL_Driver/Src/stm32l4xx_hal_i2c.o
 *fill*         0x08002f86        0x2 
 .text.I2C_WaitOnRXNEFlagUntilTimeout
                0x08002f88      0x118 ./Drivers/STM32L4xx_HAL_Driver/Src/stm32l4xx_hal_i2c.o
 .text.I2C_IsErrorOccurred
                0x080030a0      0x1c0 ./Drivers/STM32L4xx_HAL_Driver/Src/stm32l4xx_hal_i2c.o
 .text.I2C_TransferConfig
                0x08003260       0x64 ./Drivers/STM32L4xx_HAL_Driver/Src/stm32l4xx_hal_i2c.o
 .text.HAL_I2CEx_ConfigAnalogFilter
                0x080032c4       0x96 ./Drivers/STM32L4xx_HAL_Driver/Src/stm32l4xx_hal_i2c_ex.o
                0x080032c4                HAL_I2CEx_ConfigAnalogFilter
 .text.HAL_I2CEx_ConfigDigitalFilter
                0x0800335a       0x98 ./Drivers/STM32L4xx_HAL_Driver/Src/stm32l4xx_hal_i2c_ex.o
                0x0800335a                HAL_I2CEx_ConfigDigitalFilter
 *fill*         0x080033f2        0x2 
 .text.HAL_PWR_ConfigPVD
                0x080033f4       0xc0 ./Drivers/STM32L4xx_HAL_Driver/Src/stm32l4xx_hal_pwr.o
                0x080033f4                HAL_PWR_ConfigPVD
 .text.HAL_PWR_EnablePVD
                0x080034b4       0x20 ./Drivers/STM32L4xx_HAL_Driver/Src/stm32l4xx_hal_pwr.o
                0x080034b4                HAL_PWR_EnablePVD
 .text.HAL_PWREx_GetVoltageRange
                0x080034d4       0x1c ./Drivers/STM32L4xx_HAL_Driver/Src/stm32l4xx_hal_pwr_ex.o
                0x080034d4                HAL_PWREx_GetVoltageRange
 .text.HAL_PWREx_ControlVoltageScaling
                0x080034f0       0xac ./Drivers/STM32L4xx_HAL_Driver/Src/stm32l4xx_hal_pwr_ex.o
                0x080034f0                HAL_PWREx_ControlVoltageScaling
 .text.HAL_RCC_OscConfig
                0x0800359c      0x828 ./Drivers/STM32L4xx_HAL_Driver/Src/stm32l4xx_hal_rcc.o
                0x0800359c                HAL_RCC_OscConfig
 .text.HAL_RCC_ClockConfig
                0x08003dc4      0x200 ./Drivers/STM32L4xx_HAL_Driver/Src/stm32l4xx_hal_rcc.o
                0x08003dc4                HAL_RCC_ClockConfig
 .text.HAL_RCC_GetSysClockFreq
                0x08003fc4      0x118 ./Drivers/STM32L4xx_HAL_Driver/Src/stm32l4xx_hal_rcc.o
                0x08003fc4                HAL_RCC_GetSysClockFreq
 .text.HAL_RCC_GetHCLKFreq
                0x080040dc       0x18 ./Drivers/STM32L4xx_HAL_Driver/Src/stm32l4xx_hal_rcc.o
                0x080040dc                HAL_RCC_GetHCLKFreq
 .text.HAL_RCC_GetPCLK1Freq
                0x080040f4       0x2c ./Drivers/STM32L4xx_HAL_Driver/Src/stm32l4xx_hal_rcc.o
                0x080040f4                HAL_RCC_GetPCLK1Freq
 .text.HAL_RCC_GetPCLK2Freq
                0x08004120       0x2c ./Drivers/STM32L4xx_HAL_Driver/Src/stm32l4xx_hal_rcc.o
                0x08004120                HAL_RCC_GetPCLK2Freq
 .text.RCC_SetFlashLatencyFromMSIRange
                0x0800414c       0xc0 ./Drivers/STM32L4xx_HAL_Driver/Src/stm32l4xx_hal_rcc.o
 .text.HAL_RCCEx_PeriphCLKConfig
                0x0800420c      0x494 ./Drivers/STM32L4xx_HAL_Driver/Src/stm32l4xx_hal_rcc_ex.o
                0x0800420c                HAL_RCCEx_PeriphCLKConfig
 .text.RCCEx_PLLSAI1_Config
                0x080046a0      0x1e4 ./Drivers/STM32L4xx_HAL_Driver/Src/stm32l4xx_hal_rcc_ex.o
 .text.HAL_TIM_Encoder_Init
                0x08004884      0x14c ./Drivers/STM32L4xx_HAL_Driver/Src/stm32l4xx_hal_tim.o
                0x08004884                HAL_TIM_Encoder_Init
 .text.HAL_TIM_Encoder_Start
                0x080049d0      0x11c ./Drivers/STM32L4xx_HAL_Driver/Src/stm32l4xx_hal_tim.o
                0x080049d0                HAL_TIM_Encoder_Start
 .text.TIM_Base_SetConfig
                0x08004aec       0xe0 ./Drivers/STM32L4xx_HAL_Driver/Src/stm32l4xx_hal_tim.o
                0x08004aec                TIM_Base_SetConfig
 .text.TIM_CCxChannelCmd
                0x08004bcc       0x4a ./Drivers/STM32L4xx_HAL_Driver/Src/stm32l4xx_hal_tim.o
                0x08004bcc                TIM_CCxChannelCmd
 *fill*         0x08004c16        0x2 
 .text.HAL_TIMEx_MasterConfigSynchronization
                0x08004c18       0xcc ./Drivers/STM32L4xx_HAL_Driver/Src/stm32l4xx_hal_tim_ex.o
                0x08004c18                HAL_TIMEx_MasterConfigSynchronization
 .text.HAL_UART_Init
                0x08004ce4       0x9c ./Drivers/STM32L4xx_HAL_Driver/Src/stm32l4xx_hal_uart.o
                0x08004ce4                HAL_UART_Init
 .text.HAL_UART_Transmit
                0x08004d80      0x112 ./Drivers/STM32L4xx_HAL_Driver/Src/stm32l4xx_hal_uart.o
                0x08004d80                HAL_UART_Transmit
 *fill*         0x08004e92        0x2 
 .text.UART_SetConfig
                0x08004e94      0x4b4 ./Drivers/STM32L4xx_HAL_Driver/Src/stm32l4xx_hal_uart.o
                0x08004e94                UART_SetConfig
 .text.UART_AdvFeatureConfig
                0x08005348      0x144 ./Drivers/STM32L4xx_HAL_Driver/Src/stm32l4xx_hal_uart.o
                0x08005348                UART_AdvFeatureConfig
 .text.UART_CheckIdleState
                0x0800548c      0x150 ./Drivers/STM32L4xx_HAL_Driver/Src/stm32l4xx_hal_uart.o
                0x0800548c                UART_CheckIdleState
 .text.UART_WaitOnFlagUntilTimeout
                0x080055dc       0xda ./Drivers/STM32L4xx_HAL_Driver/Src/stm32l4xx_hal_uart.o
                0x080055dc                UART_WaitOnFlagUntilTimeout
 .text.UART_EndRxTransfer
                0x080056b6       0xc8 ./Drivers/STM32L4xx_HAL_Driver/Src/stm32l4xx_hal_uart.o
 .text.fmaxf    0x0800577e       0x3a D:/apps/STM32CubeIDE/plugins/com.st.stm32cube.ide.mcu.externaltools.gnu-tools-for-stm32.12.3.rel1.win32_1.1.0.202410251130/tools/bin/../lib/gcc/arm-none-eabi/12.3.1/../../../../arm-none-eabi/lib/thumb/v7e-m+fp/hard\libm.a(libm_a-sf_fmax.o)
                0x0800577e                fmaxf
 .text.__fpclassifyf
                0x080057b8       0x38 D:/apps/STM32CubeIDE/plugins/com.st.stm32cube.ide.mcu.externaltools.gnu-tools-for-stm32.12.3.rel1.win32_1.1.0.202410251130/tools/bin/../lib/gcc/arm-none-eabi/12.3.1/../../../../arm-none-eabi/lib/thumb/v7e-m+fp/hard\libm.a(libm_a-sf_fpclassify.o)
                0x080057b8                __fpclassifyf
 .text.sprintf  0x080057f0       0x40 D:/apps/STM32CubeIDE/plugins/com.st.stm32cube.ide.mcu.externaltools.gnu-tools-for-stm32.12.3.rel1.win32_1.1.0.202410251130/tools/bin/../lib/gcc/arm-none-eabi/12.3.1/../../../../arm-none-eabi/lib/thumb/v7e-m+fp/hard\libc_nano.a(libc_a-sprintf.o)
                0x080057f0                siprintf
                0x080057f0                sprintf
 .text.memset   0x08005830       0x10 D:/apps/STM32CubeIDE/plugins/com.st.stm32cube.ide.mcu.externaltools.gnu-tools-for-stm32.12.3.rel1.win32_1.1.0.202410251130/tools/bin/../lib/gcc/arm-none-eabi/12.3.1/../../../../arm-none-eabi/lib/thumb/v7e-m+fp/hard\libc_nano.a(libc_a-memset.o)
                0x08005830                memset
 .text.__errno  0x08005840        0xc D:/apps/STM32CubeIDE/plugins/com.st.stm32cube.ide.mcu.externaltools.gnu-tools-for-stm32.12.3.rel1.win32_1.1.0.202410251130/tools/bin/../lib/gcc/arm-none-eabi/12.3.1/../../../../arm-none-eabi/lib/thumb/v7e-m+fp/hard\libc_nano.a(libc_a-errno.o)
                0x08005840                __errno
 .text.__libc_init_array
                0x0800584c       0x48 D:/apps/STM32CubeIDE/plugins/com.st.stm32cube.ide.mcu.externaltools.gnu-tools-for-stm32.12.3.rel1.win32_1.1.0.202410251130/tools/bin/../lib/gcc/arm-none-eabi/12.3.1/../../../../arm-none-eabi/lib/thumb/v7e-m+fp/hard\libc_nano.a(libc_a-init.o)
                0x0800584c                __libc_init_array
 .text.__retarget_lock_acquire_recursive
                0x08005894        0x2 D:/apps/STM32CubeIDE/plugins/com.st.stm32cube.ide.mcu.externaltools.gnu-tools-for-stm32.12.3.rel1.win32_1.1.0.202410251130/tools/bin/../lib/gcc/arm-none-eabi/12.3.1/../../../../arm-none-eabi/lib/thumb/v7e-m+fp/hard\libc_nano.a(libc_a-lock.o)
                0x08005894                __retarget_lock_acquire_recursive
 .text.__retarget_lock_release_recursive
                0x08005896        0x2 D:/apps/STM32CubeIDE/plugins/com.st.stm32cube.ide.mcu.externaltools.gnu-tools-for-stm32.12.3.rel1.win32_1.1.0.202410251130/tools/bin/../lib/gcc/arm-none-eabi/12.3.1/../../../../arm-none-eabi/lib/thumb/v7e-m+fp/hard\libc_nano.a(libc_a-lock.o)
                0x08005896                __retarget_lock_release_recursive
 .text._free_r  0x08005898       0x94 D:/apps/STM32CubeIDE/plugins/com.st.stm32cube.ide.mcu.externaltools.gnu-tools-for-stm32.12.3.rel1.win32_1.1.0.202410251130/tools/bin/../lib/gcc/arm-none-eabi/12.3.1/../../../../arm-none-eabi/lib/thumb/v7e-m+fp/hard\libc_nano.a(libc_a-freer.o)
                0x08005898                _free_r
 .text.sbrk_aligned
                0x0800592c       0x44 D:/apps/STM32CubeIDE/plugins/com.st.stm32cube.ide.mcu.externaltools.gnu-tools-for-stm32.12.3.rel1.win32_1.1.0.202410251130/tools/bin/../lib/gcc/arm-none-eabi/12.3.1/../../../../arm-none-eabi/lib/thumb/v7e-m+fp/hard\libc_nano.a(libc_a-mallocr.o)
 .text._malloc_r
                0x08005970      0x100 D:/apps/STM32CubeIDE/plugins/com.st.stm32cube.ide.mcu.externaltools.gnu-tools-for-stm32.12.3.rel1.win32_1.1.0.202410251130/tools/bin/../lib/gcc/arm-none-eabi/12.3.1/../../../../arm-none-eabi/lib/thumb/v7e-m+fp/hard\libc_nano.a(libc_a-mallocr.o)
                0x08005970                _malloc_r
 .text.__malloc_lock
                0x08005a70        0xc D:/apps/STM32CubeIDE/plugins/com.st.stm32cube.ide.mcu.externaltools.gnu-tools-for-stm32.12.3.rel1.win32_1.1.0.202410251130/tools/bin/../lib/gcc/arm-none-eabi/12.3.1/../../../../arm-none-eabi/lib/thumb/v7e-m+fp/hard\libc_nano.a(libc_a-mlock.o)
                0x08005a70                __malloc_lock
 .text.__malloc_unlock
                0x08005a7c        0xc D:/apps/STM32CubeIDE/plugins/com.st.stm32cube.ide.mcu.externaltools.gnu-tools-for-stm32.12.3.rel1.win32_1.1.0.202410251130/tools/bin/../lib/gcc/arm-none-eabi/12.3.1/../../../../arm-none-eabi/lib/thumb/v7e-m+fp/hard\libc_nano.a(libc_a-mlock.o)
                0x08005a7c                __malloc_unlock
 .text.__ssputs_r
                0x08005a88       0xb6 D:/apps/STM32CubeIDE/plugins/com.st.stm32cube.ide.mcu.externaltools.gnu-tools-for-stm32.12.3.rel1.win32_1.1.0.202410251130/tools/bin/../lib/gcc/arm-none-eabi/12.3.1/../../../../arm-none-eabi/lib/thumb/v7e-m+fp/hard\libc_nano.a(libc_a-nano-svfprintf.o)
                0x08005a88                __ssputs_r
 *fill*         0x08005b3e        0x2 
 .text._svfprintf_r
                0x08005b40      0x1f8 D:/apps/STM32CubeIDE/plugins/com.st.stm32cube.ide.mcu.externaltools.gnu-tools-for-stm32.12.3.rel1.win32_1.1.0.202410251130/tools/bin/../lib/gcc/arm-none-eabi/12.3.1/../../../../arm-none-eabi/lib/thumb/v7e-m+fp/hard\libc_nano.a(libc_a-nano-svfprintf.o)
                0x08005b40                _svfiprintf_r
                0x08005b40                _svfprintf_r
 .text._printf_common
                0x08005d38       0xda D:/apps/STM32CubeIDE/plugins/com.st.stm32cube.ide.mcu.externaltools.gnu-tools-for-stm32.12.3.rel1.win32_1.1.0.202410251130/tools/bin/../lib/gcc/arm-none-eabi/12.3.1/../../../../arm-none-eabi/lib/thumb/v7e-m+fp/hard\libc_nano.a(libc_a-nano-vfprintf_i.o)
                0x08005d38                _printf_common
 *fill*         0x08005e12        0x2 
 .text._printf_i
                0x08005e14      0x240 D:/apps/STM32CubeIDE/plugins/com.st.stm32cube.ide.mcu.externaltools.gnu-tools-for-stm32.12.3.rel1.win32_1.1.0.202410251130/tools/bin/../lib/gcc/arm-none-eabi/12.3.1/../../../../arm-none-eabi/lib/thumb/v7e-m+fp/hard\libc_nano.a(libc_a-nano-vfprintf_i.o)
                0x08005e14                _printf_i
 .text.memmove  0x08006054       0x34 D:/apps/STM32CubeIDE/plugins/com.st.stm32cube.ide.mcu.externaltools.gnu-tools-for-stm32.12.3.rel1.win32_1.1.0.202410251130/tools/bin/../lib/gcc/arm-none-eabi/12.3.1/../../../../arm-none-eabi/lib/thumb/v7e-m+fp/hard\libc_nano.a(libc_a-memmove.o)
                0x08006054                memmove
 .text._sbrk_r  0x08006088       0x20 D:/apps/STM32CubeIDE/plugins/com.st.stm32cube.ide.mcu.externaltools.gnu-tools-for-stm32.12.3.rel1.win32_1.1.0.202410251130/tools/bin/../lib/gcc/arm-none-eabi/12.3.1/../../../../arm-none-eabi/lib/thumb/v7e-m+fp/hard\libc_nano.a(libc_a-sbrkr.o)
                0x08006088                _sbrk_r
 .text.memcpy   0x080060a8       0x1c D:/apps/STM32CubeIDE/plugins/com.st.stm32cube.ide.mcu.externaltools.gnu-tools-for-stm32.12.3.rel1.win32_1.1.0.202410251130/tools/bin/../lib/gcc/arm-none-eabi/12.3.1/../../../../arm-none-eabi/lib/thumb/v7e-m+fp/hard\libc_nano.a(libc_a-memcpy-stub.o)
                0x080060a8                memcpy
 .text._realloc_r
                0x080060c4       0x5c D:/apps/STM32CubeIDE/plugins/com.st.stm32cube.ide.mcu.externaltools.gnu-tools-for-stm32.12.3.rel1.win32_1.1.0.202410251130/tools/bin/../lib/gcc/arm-none-eabi/12.3.1/../../../../arm-none-eabi/lib/thumb/v7e-m+fp/hard\libc_nano.a(libc_a-reallocr.o)
                0x080060c4                _realloc_r
 .text._malloc_usable_size_r
                0x08006120       0x10 D:/apps/STM32CubeIDE/plugins/com.st.stm32cube.ide.mcu.externaltools.gnu-tools-for-stm32.12.3.rel1.win32_1.1.0.202410251130/tools/bin/../lib/gcc/arm-none-eabi/12.3.1/../../../../arm-none-eabi/lib/thumb/v7e-m+fp/hard\libc_nano.a(libc_a-msizer.o)
                0x08006120                _malloc_usable_size_r
 *(.glue_7)
 .glue_7        0x08006130        0x0 linker stubs
 *(.glue_7t)
 .glue_7t       0x08006130        0x0 linker stubs
 *(.eh_frame)
 .eh_frame      0x08006130        0x0 D:/apps/STM32CubeIDE/plugins/com.st.stm32cube.ide.mcu.externaltools.gnu-tools-for-stm32.12.3.rel1.win32_1.1.0.202410251130/tools/bin/../lib/gcc/arm-none-eabi/12.3.1/thumb/v7e-m+fp/hard/crtbegin.o
 *(.init)
 .init          0x08006130        0x4 D:/apps/STM32CubeIDE/plugins/com.st.stm32cube.ide.mcu.externaltools.gnu-tools-for-stm32.12.3.rel1.win32_1.1.0.202410251130/tools/bin/../lib/gcc/arm-none-eabi/12.3.1/thumb/v7e-m+fp/hard/crti.o
                0x08006130                _init
 .init          0x08006134        0x8 D:/apps/STM32CubeIDE/plugins/com.st.stm32cube.ide.mcu.externaltools.gnu-tools-for-stm32.12.3.rel1.win32_1.1.0.202410251130/tools/bin/../lib/gcc/arm-none-eabi/12.3.1/thumb/v7e-m+fp/hard/crtn.o
 *(.fini)
 .fini          0x0800613c        0x4 D:/apps/STM32CubeIDE/plugins/com.st.stm32cube.ide.mcu.externaltools.gnu-tools-for-stm32.12.3.rel1.win32_1.1.0.202410251130/tools/bin/../lib/gcc/arm-none-eabi/12.3.1/thumb/v7e-m+fp/hard/crti.o
                0x0800613c                _fini
 .fini          0x08006140        0x8 D:/apps/STM32CubeIDE/plugins/com.st.stm32cube.ide.mcu.externaltools.gnu-tools-for-stm32.12.3.rel1.win32_1.1.0.202410251130/tools/bin/../lib/gcc/arm-none-eabi/12.3.1/thumb/v7e-m+fp/hard/crtn.o
                0x08006148                        . = ALIGN (0x4)
                0x08006148                        _etext = .

.vfp11_veneer   0x08006148        0x0
 .vfp11_veneer  0x08006148        0x0 linker stubs

.v4_bx          0x08006148        0x0
 .v4_bx         0x08006148        0x0 linker stubs

.iplt           0x08006148        0x0
 .iplt          0x08006148        0x0 D:/apps/STM32CubeIDE/plugins/com.st.stm32cube.ide.mcu.externaltools.gnu-tools-for-stm32.12.3.rel1.win32_1.1.0.202410251130/tools/bin/../lib/gcc/arm-none-eabi/12.3.1/thumb/v7e-m+fp/hard/crtbegin.o

.rodata         0x08006148       0x98
                0x08006148                        . = ALIGN (0x4)
 *(.rodata)
 .rodata        0x08006148       0x1c ./Core/Src/main.o
 *(.rodata*)
 .rodata.AHBPrescTable
                0x08006164       0x10 ./Core/Src/system_stm32l4xx.o
                0x08006164                AHBPrescTable
 .rodata.APBPrescTable
                0x08006174        0x8 ./Core/Src/system_stm32l4xx.o
                0x08006174                APBPrescTable
 .rodata.MSIRangeTable
                0x0800617c       0x30 ./Core/Src/system_stm32l4xx.o
                0x0800617c                MSIRangeTable
 .rodata._svfprintf_r.str1.1
                0x080061ac       0x11 D:/apps/STM32CubeIDE/plugins/com.st.stm32cube.ide.mcu.externaltools.gnu-tools-for-stm32.12.3.rel1.win32_1.1.0.202410251130/tools/bin/../lib/gcc/arm-none-eabi/12.3.1/../../../../arm-none-eabi/lib/thumb/v7e-m+fp/hard\libc_nano.a(libc_a-nano-svfprintf.o)
 .rodata._printf_i.str1.1
                0x080061bd       0x22 D:/apps/STM32CubeIDE/plugins/com.st.stm32cube.ide.mcu.externaltools.gnu-tools-for-stm32.12.3.rel1.win32_1.1.0.202410251130/tools/bin/../lib/gcc/arm-none-eabi/12.3.1/../../../../arm-none-eabi/lib/thumb/v7e-m+fp/hard\libc_nano.a(libc_a-nano-vfprintf_i.o)
                0x080061e0                        . = ALIGN (0x4)
 *fill*         0x080061df        0x1 

.ARM.extab      0x080061e0        0x0
                0x080061e0                        . = ALIGN (0x4)
 *(.ARM.extab* .gnu.linkonce.armextab.*)
                0x080061e0                        . = ALIGN (0x4)

.ARM            0x080061e0        0x8
                0x080061e0                        . = ALIGN (0x4)
                0x080061e0                        __exidx_start = .
 *(.ARM.exidx*)
 .ARM.exidx     0x080061e0        0x8 D:/apps/STM32CubeIDE/plugins/com.st.stm32cube.ide.mcu.externaltools.gnu-tools-for-stm32.12.3.rel1.win32_1.1.0.202410251130/tools/bin/../lib/gcc/arm-none-eabi/12.3.1/../../../../arm-none-eabi/lib/thumb/v7e-m+fp/hard\libc_nano.a(libc_a-memchr.o)
 .ARM.exidx     0x080061e8        0x0 D:/apps/STM32CubeIDE/plugins/com.st.stm32cube.ide.mcu.externaltools.gnu-tools-for-stm32.12.3.rel1.win32_1.1.0.202410251130/tools/bin/../lib/gcc/arm-none-eabi/12.3.1/thumb/v7e-m+fp/hard\libgcc.a(_udivmoddi4.o)
                                  0x8 (size before relaxing)
                0x080061e8                        __exidx_end = .
                0x080061e8                        . = ALIGN (0x4)

.preinit_array  0x080061e8        0x0
                0x080061e8                        . = ALIGN (0x4)
                0x080061e8                        PROVIDE (__preinit_array_start = .)
 *(.preinit_array*)
                0x080061e8                        PROVIDE (__preinit_array_end = .)
                0x080061e8                        . = ALIGN (0x4)

.init_array     0x080061e8        0x4
                0x080061e8                        . = ALIGN (0x4)
                0x080061e8                        PROVIDE (__init_array_start = .)
 *(SORT_BY_NAME(.init_array.*))
 *(.init_array*)
 .init_array    0x080061e8        0x4 D:/apps/STM32CubeIDE/plugins/com.st.stm32cube.ide.mcu.externaltools.gnu-tools-for-stm32.12.3.rel1.win32_1.1.0.202410251130/tools/bin/../lib/gcc/arm-none-eabi/12.3.1/thumb/v7e-m+fp/hard/crtbegin.o
                0x080061ec                        PROVIDE (__init_array_end = .)
                0x080061ec                        . = ALIGN (0x4)

.fini_array     0x080061ec        0x4
                0x080061ec                        . = ALIGN (0x4)
                [!provide]                        PROVIDE (__fini_array_start = .)
 *(SORT_BY_NAME(.fini_array.*))
 *(.fini_array*)
 .fini_array    0x080061ec        0x4 D:/apps/STM32CubeIDE/plugins/com.st.stm32cube.ide.mcu.externaltools.gnu-tools-for-stm32.12.3.rel1.win32_1.1.0.202410251130/tools/bin/../lib/gcc/arm-none-eabi/12.3.1/thumb/v7e-m+fp/hard/crtbegin.o
                [!provide]                        PROVIDE (__fini_array_end = .)
                0x080061f0                        . = ALIGN (0x4)
                0x080061f0                        _sidata = LOADADDR (.data)

.rel.dyn        0x080061f0        0x0
 .rel.iplt      0x080061f0        0x0 D:/apps/STM32CubeIDE/plugins/com.st.stm32cube.ide.mcu.externaltools.gnu-tools-for-stm32.12.3.rel1.win32_1.1.0.202410251130/tools/bin/../lib/gcc/arm-none-eabi/12.3.1/thumb/v7e-m+fp/hard/crtbegin.o

.data           0x20000000       0x70 load address 0x080061f0
                0x20000000                        . = ALIGN (0x4)
                0x20000000                        _sdata = .
 *(.data)
 *(.data*)
 .data._ZZ8PID_loopvE2Kp
                0x20000000        0x4 ./Core/Src/main.o
 .data._ZZ8PID_loopvE2Kd
                0x20000004        0x4 ./Core/Src/main.o
 .data._ZZ8PID_loopvE11max_tension
                0x20000008        0x4 ./Core/Src/main.o
 .data._ZZ8PID_loopvE5alpha
                0x2000000c        0x4 ./Core/Src/main.o
 .data.currentMode
                0x20000010        0x1 ./Core/Src/main.o
                0x20000010                currentMode
 .data.currentSpeed
                0x20000011        0x1 ./Core/Src/main.o
                0x20000011                currentSpeed
 .data.currentDirection
                0x20000012        0x1 ./Core/Src/main.o
                0x20000012                currentDirection
 *fill*         0x20000013        0x1 
 .data.SystemCoreClock
                0x20000014        0x4 ./Core/Src/system_stm32l4xx.o
                0x20000014                SystemCoreClock
 .data.uwTickPrio
                0x20000018        0x4 ./Drivers/STM32L4xx_HAL_Driver/Src/stm32l4xx_hal.o
                0x20000018                uwTickPrio
 .data.uwTickFreq
                0x2000001c        0x1 ./Drivers/STM32L4xx_HAL_Driver/Src/stm32l4xx_hal.o
                0x2000001c                uwTickFreq
 *fill*         0x2000001d        0x3 
 .data._impure_ptr
                0x20000020        0x4 D:/apps/STM32CubeIDE/plugins/com.st.stm32cube.ide.mcu.externaltools.gnu-tools-for-stm32.12.3.rel1.win32_1.1.0.202410251130/tools/bin/../lib/gcc/arm-none-eabi/12.3.1/../../../../arm-none-eabi/lib/thumb/v7e-m+fp/hard\libc_nano.a(libc_a-impure.o)
                0x20000020                _impure_ptr
 .data._impure_data
                0x20000024       0x4c D:/apps/STM32CubeIDE/plugins/com.st.stm32cube.ide.mcu.externaltools.gnu-tools-for-stm32.12.3.rel1.win32_1.1.0.202410251130/tools/bin/../lib/gcc/arm-none-eabi/12.3.1/../../../../arm-none-eabi/lib/thumb/v7e-m+fp/hard\libc_nano.a(libc_a-impure.o)
                0x20000024                _impure_data
 *(.RamFunc)
 *(.RamFunc*)
                0x20000070                        . = ALIGN (0x4)
                0x20000070                        _edata = .

.igot.plt       0x20000070        0x0 load address 0x08006260
 .igot.plt      0x20000070        0x0 D:/apps/STM32CubeIDE/plugins/com.st.stm32cube.ide.mcu.externaltools.gnu-tools-for-stm32.12.3.rel1.win32_1.1.0.202410251130/tools/bin/../lib/gcc/arm-none-eabi/12.3.1/thumb/v7e-m+fp/hard/crtbegin.o
                0x20000070                        . = ALIGN (0x4)

.bss            0x20000070      0x360 load address 0x08006260
                0x20000070                        _sbss = .
                0x20000070                        __bss_start__ = _sbss
 *(.bss)
 .bss           0x20000070       0x1c D:/apps/STM32CubeIDE/plugins/com.st.stm32cube.ide.mcu.externaltools.gnu-tools-for-stm32.12.3.rel1.win32_1.1.0.202410251130/tools/bin/../lib/gcc/arm-none-eabi/12.3.1/thumb/v7e-m+fp/hard/crtbegin.o
 *(.bss*)
 .bss.i2c       0x2000008c       0x10 ./Core/Src/main.o
                0x2000008c                i2c
 .bss._ZZ8PID_loopvE16tension_setpoint
                0x2000009c        0x4 ./Core/Src/main.o
 .bss._ZZ8PID_loopvE5error
                0x200000a0        0x4 ./Core/Src/main.o
 .bss._ZZ8PID_loopvE10last_error
                0x200000a4        0x4 ./Core/Src/main.o
 .bss._ZZ8PID_loopvE8integral
                0x200000a8        0x4 ./Core/Src/main.o
 .bss._ZZ8PID_loopvE10derivative
                0x200000ac        0x4 ./Core/Src/main.o
 .bss._ZZ8PID_loopvE2Ki
                0x200000b0        0x4 ./Core/Src/main.o
 .bss._ZZ8PID_loopvE11motor_speed
                0x200000b4        0x4 ./Core/Src/main.o
 .bss._ZZ8PID_loopvE16filtered_tension
                0x200000b8        0x4 ./Core/Src/main.o
 .bss._ZL12cable_length
                0x200000bc        0x4 ./Core/Src/main.o
 .bss._ZL11cable_speed
                0x200000c0        0x4 ./Core/Src/main.o
 .bss._ZL13encoder_count
                0x200000c4        0x4 ./Core/Src/main.o
 .bss._ZL18last_encoder_count
                0x200000c8        0x4 ./Core/Src/main.o
 .bss.current_direction
                0x200000cc        0x1 ./Core/Src/main.o
                0x200000cc                current_direction
 *fill*         0x200000cd        0x3 
 .bss.hi2c3     0x200000d0       0x54 ./Core/Src/main.o
                0x200000d0                hi2c3
 .bss.htim2     0x20000124       0x4c ./Core/Src/main.o
                0x20000124                htim2
 .bss.huart1    0x20000170       0x88 ./Core/Src/main.o
                0x20000170                huart1
 .bss.huart2    0x200001f8       0x88 ./Core/Src/main.o
                0x200001f8                huart2
 .bss.__sbrk_heap_end
                0x20000280        0x4 ./Core/Src/sysmem.o
 .bss.uwTick    0x20000284        0x4 ./Drivers/STM32L4xx_HAL_Driver/Src/stm32l4xx_hal.o
                0x20000284                uwTick
 .bss.__sf      0x20000288      0x138 D:/apps/STM32CubeIDE/plugins/com.st.stm32cube.ide.mcu.externaltools.gnu-tools-for-stm32.12.3.rel1.win32_1.1.0.202410251130/tools/bin/../lib/gcc/arm-none-eabi/12.3.1/../../../../arm-none-eabi/lib/thumb/v7e-m+fp/hard\libc_nano.a(libc_a-findfp.o)
                0x20000288                __sf
 .bss.errno     0x200003c0        0x4 D:/apps/STM32CubeIDE/plugins/com.st.stm32cube.ide.mcu.externaltools.gnu-tools-for-stm32.12.3.rel1.win32_1.1.0.202410251130/tools/bin/../lib/gcc/arm-none-eabi/12.3.1/../../../../arm-none-eabi/lib/thumb/v7e-m+fp/hard\libc_nano.a(libc_a-reent.o)
                0x200003c0                errno
 .bss.__lock___malloc_recursive_mutex
                0x200003c4        0x1 D:/apps/STM32CubeIDE/plugins/com.st.stm32cube.ide.mcu.externaltools.gnu-tools-for-stm32.12.3.rel1.win32_1.1.0.202410251130/tools/bin/../lib/gcc/arm-none-eabi/12.3.1/../../../../arm-none-eabi/lib/thumb/v7e-m+fp/hard\libc_nano.a(libc_a-lock.o)
                0x200003c4                __lock___malloc_recursive_mutex
 *fill*         0x200003c5        0x3 
 .bss.__malloc_sbrk_start
                0x200003c8        0x4 D:/apps/STM32CubeIDE/plugins/com.st.stm32cube.ide.mcu.externaltools.gnu-tools-for-stm32.12.3.rel1.win32_1.1.0.202410251130/tools/bin/../lib/gcc/arm-none-eabi/12.3.1/../../../../arm-none-eabi/lib/thumb/v7e-m+fp/hard\libc_nano.a(libc_a-mallocr.o)
                0x200003c8                __malloc_sbrk_start
 .bss.__malloc_free_list
                0x200003cc        0x4 D:/apps/STM32CubeIDE/plugins/com.st.stm32cube.ide.mcu.externaltools.gnu-tools-for-stm32.12.3.rel1.win32_1.1.0.202410251130/tools/bin/../lib/gcc/arm-none-eabi/12.3.1/../../../../arm-none-eabi/lib/thumb/v7e-m+fp/hard\libc_nano.a(libc_a-mallocr.o)
                0x200003cc                __malloc_free_list
 *(COMMON)
                0x200003d0                        . = ALIGN (0x4)
                0x200003d0                        _ebss = .
                0x200003d0                        __bss_end__ = _ebss

._user_heap_stack
                0x200003d0      0x600 load address 0x08006260
                0x200003d0                        . = ALIGN (0x8)
                [!provide]                        PROVIDE (end = .)
                0x200003d0                        PROVIDE (_end = .)
                0x200005d0                        . = (. + _Min_Heap_Size)
 *fill*         0x200003d0      0x200 
                0x200009d0                        . = (. + _Min_Stack_Size)
 *fill*         0x200005d0      0x400 
                0x200009d0                        . = ALIGN (0x8)

/DISCARD/
 libc.a(*)
 libm.a(*)
 libgcc.a(*)

.ARM.attributes
                0x00000000       0x30
 *(.ARM.attributes)
 .ARM.attributes
                0x00000000       0x22 D:/apps/STM32CubeIDE/plugins/com.st.stm32cube.ide.mcu.externaltools.gnu-tools-for-stm32.12.3.rel1.win32_1.1.0.202410251130/tools/bin/../lib/gcc/arm-none-eabi/12.3.1/thumb/v7e-m+fp/hard/crti.o
 .ARM.attributes
                0x00000022       0x34 D:/apps/STM32CubeIDE/plugins/com.st.stm32cube.ide.mcu.externaltools.gnu-tools-for-stm32.12.3.rel1.win32_1.1.0.202410251130/tools/bin/../lib/gcc/arm-none-eabi/12.3.1/thumb/v7e-m+fp/hard/crtbegin.o
 .ARM.attributes
                0x00000056       0x34 ./Core/Src/main.o
 .ARM.attributes
                0x0000008a       0x34 ./Core/Src/stm32l4xx_hal_msp.o
 .ARM.attributes
                0x000000be       0x34 ./Core/Src/stm32l4xx_it.o
 .ARM.attributes
                0x000000f2       0x34 ./Core/Src/sysmem.o
 .ARM.attributes
                0x00000126       0x34 ./Core/Src/system_stm32l4xx.o
 .ARM.attributes
                0x0000015a       0x21 ./Core/Startup/startup_stm32l433rctxp.o
 .ARM.attributes
                0x0000017b       0x34 ./Drivers/STM32L4xx_HAL_Driver/Src/stm32l4xx_hal.o
 .ARM.attributes
                0x000001af       0x34 ./Drivers/STM32L4xx_HAL_Driver/Src/stm32l4xx_hal_cortex.o
 .ARM.attributes
                0x000001e3       0x34 ./Drivers/STM32L4xx_HAL_Driver/Src/stm32l4xx_hal_gpio.o
 .ARM.attributes
                0x00000217       0x34 ./Drivers/STM32L4xx_HAL_Driver/Src/stm32l4xx_hal_i2c.o
 .ARM.attributes
                0x0000024b       0x34 ./Drivers/STM32L4xx_HAL_Driver/Src/stm32l4xx_hal_i2c_ex.o
 .ARM.attributes
                0x0000027f       0x34 ./Drivers/STM32L4xx_HAL_Driver/Src/stm32l4xx_hal_pwr.o
 .ARM.attributes
                0x000002b3       0x34 ./Drivers/STM32L4xx_HAL_Driver/Src/stm32l4xx_hal_pwr_ex.o
 .ARM.attributes
                0x000002e7       0x34 ./Drivers/STM32L4xx_HAL_Driver/Src/stm32l4xx_hal_rcc.o
 .ARM.attributes
                0x0000031b       0x34 ./Drivers/STM32L4xx_HAL_Driver/Src/stm32l4xx_hal_rcc_ex.o
 .ARM.attributes
                0x0000034f       0x34 ./Drivers/STM32L4xx_HAL_Driver/Src/stm32l4xx_hal_tim.o
 .ARM.attributes
                0x00000383       0x34 ./Drivers/STM32L4xx_HAL_Driver/Src/stm32l4xx_hal_tim_ex.o
 .ARM.attributes
                0x000003b7       0x34 ./Drivers/STM32L4xx_HAL_Driver/Src/stm32l4xx_hal_uart.o
 .ARM.attributes
                0x000003eb       0x34 D:/apps/STM32CubeIDE/plugins/com.st.stm32cube.ide.mcu.externaltools.gnu-tools-for-stm32.12.3.rel1.win32_1.1.0.202410251130/tools/bin/../lib/gcc/arm-none-eabi/12.3.1/../../../../arm-none-eabi/lib/thumb/v7e-m+fp/hard\libm.a(libm_a-sf_fmax.o)
 .ARM.attributes
                0x0000041f       0x34 D:/apps/STM32CubeIDE/plugins/com.st.stm32cube.ide.mcu.externaltools.gnu-tools-for-stm32.12.3.rel1.win32_1.1.0.202410251130/tools/bin/../lib/gcc/arm-none-eabi/12.3.1/../../../../arm-none-eabi/lib/thumb/v7e-m+fp/hard\libm.a(libm_a-sf_fpclassify.o)
 .ARM.attributes
                0x00000453       0x34 D:/apps/STM32CubeIDE/plugins/com.st.stm32cube.ide.mcu.externaltools.gnu-tools-for-stm32.12.3.rel1.win32_1.1.0.202410251130/tools/bin/../lib/gcc/arm-none-eabi/12.3.1/../../../../arm-none-eabi/lib/thumb/v7e-m+fp/hard\libc_nano.a(libc_a-findfp.o)
 .ARM.attributes
                0x00000487       0x34 D:/apps/STM32CubeIDE/plugins/com.st.stm32cube.ide.mcu.externaltools.gnu-tools-for-stm32.12.3.rel1.win32_1.1.0.202410251130/tools/bin/../lib/gcc/arm-none-eabi/12.3.1/../../../../arm-none-eabi/lib/thumb/v7e-m+fp/hard\libc_nano.a(libc_a-sprintf.o)
 .ARM.attributes
                0x000004bb       0x34 D:/apps/STM32CubeIDE/plugins/com.st.stm32cube.ide.mcu.externaltools.gnu-tools-for-stm32.12.3.rel1.win32_1.1.0.202410251130/tools/bin/../lib/gcc/arm-none-eabi/12.3.1/../../../../arm-none-eabi/lib/thumb/v7e-m+fp/hard\libc_nano.a(libc_a-memset.o)
 .ARM.attributes
                0x000004ef       0x34 D:/apps/STM32CubeIDE/plugins/com.st.stm32cube.ide.mcu.externaltools.gnu-tools-for-stm32.12.3.rel1.win32_1.1.0.202410251130/tools/bin/../lib/gcc/arm-none-eabi/12.3.1/../../../../arm-none-eabi/lib/thumb/v7e-m+fp/hard\libc_nano.a(libc_a-reent.o)
 .ARM.attributes
                0x00000523       0x34 D:/apps/STM32CubeIDE/plugins/com.st.stm32cube.ide.mcu.externaltools.gnu-tools-for-stm32.12.3.rel1.win32_1.1.0.202410251130/tools/bin/../lib/gcc/arm-none-eabi/12.3.1/../../../../arm-none-eabi/lib/thumb/v7e-m+fp/hard\libc_nano.a(libc_a-impure.o)
 .ARM.attributes
                0x00000557       0x34 D:/apps/STM32CubeIDE/plugins/com.st.stm32cube.ide.mcu.externaltools.gnu-tools-for-stm32.12.3.rel1.win32_1.1.0.202410251130/tools/bin/../lib/gcc/arm-none-eabi/12.3.1/../../../../arm-none-eabi/lib/thumb/v7e-m+fp/hard\libc_nano.a(libc_a-errno.o)
 .ARM.attributes
                0x0000058b       0x34 D:/apps/STM32CubeIDE/plugins/com.st.stm32cube.ide.mcu.externaltools.gnu-tools-for-stm32.12.3.rel1.win32_1.1.0.202410251130/tools/bin/../lib/gcc/arm-none-eabi/12.3.1/../../../../arm-none-eabi/lib/thumb/v7e-m+fp/hard\libc_nano.a(libc_a-init.o)
 .ARM.attributes
                0x000005bf       0x34 D:/apps/STM32CubeIDE/plugins/com.st.stm32cube.ide.mcu.externaltools.gnu-tools-for-stm32.12.3.rel1.win32_1.1.0.202410251130/tools/bin/../lib/gcc/arm-none-eabi/12.3.1/../../../../arm-none-eabi/lib/thumb/v7e-m+fp/hard\libc_nano.a(libc_a-lock.o)
 .ARM.attributes
                0x000005f3       0x34 D:/apps/STM32CubeIDE/plugins/com.st.stm32cube.ide.mcu.externaltools.gnu-tools-for-stm32.12.3.rel1.win32_1.1.0.202410251130/tools/bin/../lib/gcc/arm-none-eabi/12.3.1/../../../../arm-none-eabi/lib/thumb/v7e-m+fp/hard\libc_nano.a(libc_a-freer.o)
 .ARM.attributes
                0x00000627       0x34 D:/apps/STM32CubeIDE/plugins/com.st.stm32cube.ide.mcu.externaltools.gnu-tools-for-stm32.12.3.rel1.win32_1.1.0.202410251130/tools/bin/../lib/gcc/arm-none-eabi/12.3.1/../../../../arm-none-eabi/lib/thumb/v7e-m+fp/hard\libc_nano.a(libc_a-mallocr.o)
 .ARM.attributes
                0x0000065b       0x34 D:/apps/STM32CubeIDE/plugins/com.st.stm32cube.ide.mcu.externaltools.gnu-tools-for-stm32.12.3.rel1.win32_1.1.0.202410251130/tools/bin/../lib/gcc/arm-none-eabi/12.3.1/../../../../arm-none-eabi/lib/thumb/v7e-m+fp/hard\libc_nano.a(libc_a-mlock.o)
 .ARM.attributes
                0x0000068f       0x34 D:/apps/STM32CubeIDE/plugins/com.st.stm32cube.ide.mcu.externaltools.gnu-tools-for-stm32.12.3.rel1.win32_1.1.0.202410251130/tools/bin/../lib/gcc/arm-none-eabi/12.3.1/../../../../arm-none-eabi/lib/thumb/v7e-m+fp/hard\libc_nano.a(libc_a-nano-svfprintf.o)
 .ARM.attributes
                0x000006c3       0x34 D:/apps/STM32CubeIDE/plugins/com.st.stm32cube.ide.mcu.externaltools.gnu-tools-for-stm32.12.3.rel1.win32_1.1.0.202410251130/tools/bin/../lib/gcc/arm-none-eabi/12.3.1/../../../../arm-none-eabi/lib/thumb/v7e-m+fp/hard\libc_nano.a(libc_a-nano-vfprintf_i.o)
 .ARM.attributes
                0x000006f7       0x34 D:/apps/STM32CubeIDE/plugins/com.st.stm32cube.ide.mcu.externaltools.gnu-tools-for-stm32.12.3.rel1.win32_1.1.0.202410251130/tools/bin/../lib/gcc/arm-none-eabi/12.3.1/../../../../arm-none-eabi/lib/thumb/v7e-m+fp/hard\libc_nano.a(libc_a-memmove.o)
 .ARM.attributes
                0x0000072b       0x34 D:/apps/STM32CubeIDE/plugins/com.st.stm32cube.ide.mcu.externaltools.gnu-tools-for-stm32.12.3.rel1.win32_1.1.0.202410251130/tools/bin/../lib/gcc/arm-none-eabi/12.3.1/../../../../arm-none-eabi/lib/thumb/v7e-m+fp/hard\libc_nano.a(libc_a-sbrkr.o)
 .ARM.attributes
                0x0000075f       0x1c D:/apps/STM32CubeIDE/plugins/com.st.stm32cube.ide.mcu.externaltools.gnu-tools-for-stm32.12.3.rel1.win32_1.1.0.202410251130/tools/bin/../lib/gcc/arm-none-eabi/12.3.1/../../../../arm-none-eabi/lib/thumb/v7e-m+fp/hard\libc_nano.a(libc_a-memchr.o)
 .ARM.attributes
                0x0000077b       0x34 D:/apps/STM32CubeIDE/plugins/com.st.stm32cube.ide.mcu.externaltools.gnu-tools-for-stm32.12.3.rel1.win32_1.1.0.202410251130/tools/bin/../lib/gcc/arm-none-eabi/12.3.1/../../../../arm-none-eabi/lib/thumb/v7e-m+fp/hard\libc_nano.a(libc_a-memcpy-stub.o)
 .ARM.attributes
                0x000007af       0x34 D:/apps/STM32CubeIDE/plugins/com.st.stm32cube.ide.mcu.externaltools.gnu-tools-for-stm32.12.3.rel1.win32_1.1.0.202410251130/tools/bin/../lib/gcc/arm-none-eabi/12.3.1/../../../../arm-none-eabi/lib/thumb/v7e-m+fp/hard\libc_nano.a(libc_a-reallocr.o)
 .ARM.attributes
                0x000007e3       0x34 D:/apps/STM32CubeIDE/plugins/com.st.stm32cube.ide.mcu.externaltools.gnu-tools-for-stm32.12.3.rel1.win32_1.1.0.202410251130/tools/bin/../lib/gcc/arm-none-eabi/12.3.1/../../../../arm-none-eabi/lib/thumb/v7e-m+fp/hard\libc_nano.a(libc_a-msizer.o)
 .ARM.attributes
                0x00000817       0x22 D:/apps/STM32CubeIDE/plugins/com.st.stm32cube.ide.mcu.externaltools.gnu-tools-for-stm32.12.3.rel1.win32_1.1.0.202410251130/tools/bin/../lib/gcc/arm-none-eabi/12.3.1/thumb/v7e-m+fp/hard\libgcc.a(_arm_addsubdf3.o)
 .ARM.attributes
                0x00000839       0x22 D:/apps/STM32CubeIDE/plugins/com.st.stm32cube.ide.mcu.externaltools.gnu-tools-for-stm32.12.3.rel1.win32_1.1.0.202410251130/tools/bin/../lib/gcc/arm-none-eabi/12.3.1/thumb/v7e-m+fp/hard\libgcc.a(_aeabi_uldivmod.o)
 .ARM.attributes
                0x0000085b       0x34 D:/apps/STM32CubeIDE/plugins/com.st.stm32cube.ide.mcu.externaltools.gnu-tools-for-stm32.12.3.rel1.win32_1.1.0.202410251130/tools/bin/../lib/gcc/arm-none-eabi/12.3.1/thumb/v7e-m+fp/hard\libgcc.a(_udivmoddi4.o)
 .ARM.attributes
                0x0000088f       0x22 D:/apps/STM32CubeIDE/plugins/com.st.stm32cube.ide.mcu.externaltools.gnu-tools-for-stm32.12.3.rel1.win32_1.1.0.202410251130/tools/bin/../lib/gcc/arm-none-eabi/12.3.1/thumb/v7e-m+fp/hard\libgcc.a(_dvmd_tls.o)
 .ARM.attributes
                0x000008b1       0x22 D:/apps/STM32CubeIDE/plugins/com.st.stm32cube.ide.mcu.externaltools.gnu-tools-for-stm32.12.3.rel1.win32_1.1.0.202410251130/tools/bin/../lib/gcc/arm-none-eabi/12.3.1/thumb/v7e-m+fp/hard/crtn.o
OUTPUT(nuclueo_auto_winch.elf elf32-littlearm)
LOAD linker stubs
LOAD D:/apps/STM32CubeIDE/plugins/com.st.stm32cube.ide.mcu.externaltools.gnu-tools-for-stm32.12.3.rel1.win32_1.1.0.202410251130/tools/bin/../lib/gcc/arm-none-eabi/12.3.1/../../../../arm-none-eabi/lib/thumb/v7e-m+fp/hard\libc.a
LOAD D:/apps/STM32CubeIDE/plugins/com.st.stm32cube.ide.mcu.externaltools.gnu-tools-for-stm32.12.3.rel1.win32_1.1.0.202410251130/tools/bin/../lib/gcc/arm-none-eabi/12.3.1/../../../../arm-none-eabi/lib/thumb/v7e-m+fp/hard\libm.a
LOAD D:/apps/STM32CubeIDE/plugins/com.st.stm32cube.ide.mcu.externaltools.gnu-tools-for-stm32.12.3.rel1.win32_1.1.0.202410251130/tools/bin/../lib/gcc/arm-none-eabi/12.3.1/thumb/v7e-m+fp/hard\libgcc.a

.debug_info     0x00000000    0x13860
 .debug_info    0x00000000     0x2759 ./Core/Src/main.o
 .debug_info    0x00002759     0x1499 ./Core/Src/stm32l4xx_hal_msp.o
 .debug_info    0x00003bf2      0x113 ./Core/Src/stm32l4xx_it.o
 .debug_info    0x00003d05      0x168 ./Core/Src/sysmem.o
 .debug_info    0x00003e6d      0x5bf ./Core/Src/system_stm32l4xx.o
 .debug_info    0x0000442c       0x30 ./Core/Startup/startup_stm32l433rctxp.o
 .debug_info    0x0000445c      0xb69 ./Drivers/STM32L4xx_HAL_Driver/Src/stm32l4xx_hal.o
 .debug_info    0x00004fc5      0xd27 ./Drivers/STM32L4xx_HAL_Driver/Src/stm32l4xx_hal_cortex.o
 .debug_info    0x00005cec      0x757 ./Drivers/STM32L4xx_HAL_Driver/Src/stm32l4xx_hal_gpio.o
 .debug_info    0x00006443     0x20d2 ./Drivers/STM32L4xx_HAL_Driver/Src/stm32l4xx_hal_i2c.o
 .debug_info    0x00008515      0x981 ./Drivers/STM32L4xx_HAL_Driver/Src/stm32l4xx_hal_i2c_ex.o
 .debug_info    0x00008e96      0x92c ./Drivers/STM32L4xx_HAL_Driver/Src/stm32l4xx_hal_pwr.o
 .debug_info    0x000097c2      0x920 ./Drivers/STM32L4xx_HAL_Driver/Src/stm32l4xx_hal_pwr_ex.o
 .debug_info    0x0000a0e2      0xbc3 ./Drivers/STM32L4xx_HAL_Driver/Src/stm32l4xx_hal_rcc.o
 .debug_info    0x0000aca5      0xf0c ./Drivers/STM32L4xx_HAL_Driver/Src/stm32l4xx_hal_rcc_ex.o
 .debug_info    0x0000bbb1     0x2a9a ./Drivers/STM32L4xx_HAL_Driver/Src/stm32l4xx_hal_tim.o
 .debug_info    0x0000e64b     0x169e ./Drivers/STM32L4xx_HAL_Driver/Src/stm32l4xx_hal_tim_ex.o
 .debug_info    0x0000fce9     0x3b77 ./Drivers/STM32L4xx_HAL_Driver/Src/stm32l4xx_hal_uart.o

.debug_abbrev   0x00000000     0x25c0
 .debug_abbrev  0x00000000      0x4bc ./Core/Src/main.o
 .debug_abbrev  0x000004bc      0x246 ./Core/Src/stm32l4xx_hal_msp.o
 .debug_abbrev  0x00000702       0x73 ./Core/Src/stm32l4xx_it.o
 .debug_abbrev  0x00000775       0xbc ./Core/Src/sysmem.o
 .debug_abbrev  0x00000831      0x11a ./Core/Src/system_stm32l4xx.o
 .debug_abbrev  0x0000094b       0x24 ./Core/Startup/startup_stm32l433rctxp.o
 .debug_abbrev  0x0000096f      0x242 ./Drivers/STM32L4xx_HAL_Driver/Src/stm32l4xx_hal.o
 .debug_abbrev  0x00000bb1      0x31c ./Drivers/STM32L4xx_HAL_Driver/Src/stm32l4xx_hal_cortex.o
 .debug_abbrev  0x00000ecd      0x1cb ./Drivers/STM32L4xx_HAL_Driver/Src/stm32l4xx_hal_gpio.o
 .debug_abbrev  0x00001098      0x261 ./Drivers/STM32L4xx_HAL_Driver/Src/stm32l4xx_hal_i2c.o
 .debug_abbrev  0x000012f9      0x1c3 ./Drivers/STM32L4xx_HAL_Driver/Src/stm32l4xx_hal_i2c_ex.o
 .debug_abbrev  0x000014bc      0x1d4 ./Drivers/STM32L4xx_HAL_Driver/Src/stm32l4xx_hal_pwr.o
 .debug_abbrev  0x00001690      0x1f9 ./Drivers/STM32L4xx_HAL_Driver/Src/stm32l4xx_hal_pwr_ex.o
 .debug_abbrev  0x00001889      0x2cb ./Drivers/STM32L4xx_HAL_Driver/Src/stm32l4xx_hal_rcc.o
 .debug_abbrev  0x00001b54      0x2a1 ./Drivers/STM32L4xx_HAL_Driver/Src/stm32l4xx_hal_rcc_ex.o
 .debug_abbrev  0x00001df5      0x278 ./Drivers/STM32L4xx_HAL_Driver/Src/stm32l4xx_hal_tim.o
 .debug_abbrev  0x0000206d      0x283 ./Drivers/STM32L4xx_HAL_Driver/Src/stm32l4xx_hal_tim_ex.o
 .debug_abbrev  0x000022f0      0x2d0 ./Drivers/STM32L4xx_HAL_Driver/Src/stm32l4xx_hal_uart.o

.debug_aranges  0x00000000     0x1300
 .debug_aranges
                0x00000000      0x180 ./Core/Src/main.o
 .debug_aranges
                0x00000180       0x50 ./Core/Src/stm32l4xx_hal_msp.o
 .debug_aranges
                0x000001d0       0x60 ./Core/Src/stm32l4xx_it.o
 .debug_aranges
                0x00000230       0x20 ./Core/Src/sysmem.o
 .debug_aranges
                0x00000250       0x28 ./Core/Src/system_stm32l4xx.o
 .debug_aranges
                0x00000278       0x28 ./Core/Startup/startup_stm32l433rctxp.o
 .debug_aranges
                0x000002a0      0x130 ./Drivers/STM32L4xx_HAL_Driver/Src/stm32l4xx_hal.o
 .debug_aranges
                0x000003d0      0x128 ./Drivers/STM32L4xx_HAL_Driver/Src/stm32l4xx_hal_cortex.o
 .debug_aranges
                0x000004f8       0x58 ./Drivers/STM32L4xx_HAL_Driver/Src/stm32l4xx_hal_gpio.o
 .debug_aranges
                0x00000550      0x2a0 ./Drivers/STM32L4xx_HAL_Driver/Src/stm32l4xx_hal_i2c.o
 .debug_aranges
                0x000007f0       0x48 ./Drivers/STM32L4xx_HAL_Driver/Src/stm32l4xx_hal_i2c_ex.o
 .debug_aranges
                0x00000838       0x98 ./Drivers/STM32L4xx_HAL_Driver/Src/stm32l4xx_hal_pwr.o
 .debug_aranges
                0x000008d0      0x128 ./Drivers/STM32L4xx_HAL_Driver/Src/stm32l4xx_hal_pwr_ex.o
 .debug_aranges
                0x000009f8       0x90 ./Drivers/STM32L4xx_HAL_Driver/Src/stm32l4xx_hal_rcc.o
 .debug_aranges
                0x00000a88       0xf0 ./Drivers/STM32L4xx_HAL_Driver/Src/stm32l4xx_hal_rcc_ex.o
 .debug_aranges
                0x00000b78      0x3e0 ./Drivers/STM32L4xx_HAL_Driver/Src/stm32l4xx_hal_tim.o
 .debug_aranges
                0x00000f58      0x180 ./Drivers/STM32L4xx_HAL_Driver/Src/stm32l4xx_hal_tim_ex.o
 .debug_aranges
                0x000010d8      0x228 ./Drivers/STM32L4xx_HAL_Driver/Src/stm32l4xx_hal_uart.o

.debug_rnglists
                0x00000000      0xef2
 .debug_rnglists
                0x00000000      0x12a ./Core/Src/main.o
 .debug_rnglists
                0x0000012a       0x3a ./Core/Src/stm32l4xx_hal_msp.o
 .debug_rnglists
                0x00000164       0x43 ./Core/Src/stm32l4xx_it.o
 .debug_rnglists
                0x000001a7       0x13 ./Core/Src/sysmem.o
 .debug_rnglists
                0x000001ba       0x1a ./Core/Src/system_stm32l4xx.o
 .debug_rnglists
                0x000001d4       0x19 ./Core/Startup/startup_stm32l433rctxp.o
 .debug_rnglists
                0x000001ed       0xdf ./Drivers/STM32L4xx_HAL_Driver/Src/stm32l4xx_hal.o
 .debug_rnglists
                0x000002cc       0xda ./Drivers/STM32L4xx_HAL_Driver/Src/stm32l4xx_hal_cortex.o
 .debug_rnglists
                0x000003a6       0x3f ./Drivers/STM32L4xx_HAL_Driver/Src/stm32l4xx_hal_gpio.o
 .debug_rnglists
                0x000003e5      0x228 ./Drivers/STM32L4xx_HAL_Driver/Src/stm32l4xx_hal_i2c.o
 .debug_rnglists
                0x0000060d       0x35 ./Drivers/STM32L4xx_HAL_Driver/Src/stm32l4xx_hal_i2c_ex.o
 .debug_rnglists
                0x00000642       0x6e ./Drivers/STM32L4xx_HAL_Driver/Src/stm32l4xx_hal_pwr.o
 .debug_rnglists
                0x000006b0       0xdf ./Drivers/STM32L4xx_HAL_Driver/Src/stm32l4xx_hal_pwr_ex.o
 .debug_rnglists
                0x0000078f       0x6d ./Drivers/STM32L4xx_HAL_Driver/Src/stm32l4xx_hal_rcc.o
 .debug_rnglists
                0x000007fc       0xba ./Drivers/STM32L4xx_HAL_Driver/Src/stm32l4xx_hal_rcc_ex.o
 .debug_rnglists
                0x000008b6      0x328 ./Drivers/STM32L4xx_HAL_Driver/Src/stm32l4xx_hal_tim.o
 .debug_rnglists
                0x00000bde      0x139 ./Drivers/STM32L4xx_HAL_Driver/Src/stm32l4xx_hal_tim_ex.o
 .debug_rnglists
                0x00000d17      0x1db ./Drivers/STM32L4xx_HAL_Driver/Src/stm32l4xx_hal_uart.o

.debug_macro    0x00000000    0x25f76
 .debug_macro   0x00000000      0x3e6 ./Core/Src/main.o
 .debug_macro   0x000003e6      0xb8c ./Core/Src/main.o
 .debug_macro   0x00000f72      0x1ad ./Core/Src/main.o
 .debug_macro   0x0000111f       0x2e ./Core/Src/main.o
 .debug_macro   0x0000114d       0x28 ./Core/Src/main.o
 .debug_macro   0x00001175       0x1c ./Core/Src/main.o
 .debug_macro   0x00001191       0x22 ./Core/Src/main.o
 .debug_macro   0x000011b3       0x8e ./Core/Src/main.o
 .debug_macro   0x00001241       0x51 ./Core/Src/main.o
 .debug_macro   0x00001292      0x103 ./Core/Src/main.o
 .debug_macro   0x00001395       0x6a ./Core/Src/main.o
 .debug_macro   0x000013ff      0x1df ./Core/Src/main.o
 .debug_macro   0x000015de       0x1c ./Core/Src/main.o
 .debug_macro   0x000015fa       0x22 ./Core/Src/main.o
 .debug_macro   0x0000161c       0xfb ./Core/Src/main.o
 .debug_macro   0x00001717     0x1011 ./Core/Src/main.o
 .debug_macro   0x00002728      0x11f ./Core/Src/main.o
 .debug_macro   0x00002847    0x16153 ./Core/Src/main.o
 .debug_macro   0x0001899a       0x6d ./Core/Src/main.o
 .debug_macro   0x00018a07     0x38fb ./Core/Src/main.o
 .debug_macro   0x0001c302      0x190 ./Core/Src/main.o
 .debug_macro   0x0001c492       0x5c ./Core/Src/main.o
 .debug_macro   0x0001c4ee     0x13b4 ./Core/Src/main.o
 .debug_macro   0x0001d8a2      0x5dd ./Core/Src/main.o
 .debug_macro   0x0001de7f      0x1b9 ./Core/Src/main.o
 .debug_macro   0x0001e038      0x130 ./Core/Src/main.o
 .debug_macro   0x0001e168      0x26b ./Core/Src/main.o
 .debug_macro   0x0001e3d3      0x23d ./Core/Src/main.o
 .debug_macro   0x0001e610      0x241 ./Core/Src/main.o
 .debug_macro   0x0001e851      0x375 ./Core/Src/main.o
 .debug_macro   0x0001ebc6       0xd6 ./Core/Src/main.o
 .debug_macro   0x0001ec9c      0x22c ./Core/Src/main.o
 .debug_macro   0x0001eec8       0x61 ./Core/Src/main.o
 .debug_macro   0x0001ef29       0xa5 ./Core/Src/main.o
 .debug_macro   0x0001efce      0x122 ./Core/Src/main.o
 .debug_macro   0x0001f0f0      0x364 ./Core/Src/main.o
 .debug_macro   0x0001f454      0xa98 ./Core/Src/main.o
 .debug_macro   0x0001feec      0x12d ./Core/Src/main.o
 .debug_macro   0x00020019      0x5cf ./Core/Src/main.o
 .debug_macro   0x000205e8       0x44 ./Core/Src/main.o
 .debug_macro   0x0002062c      0x26d ./Core/Src/main.o
 .debug_macro   0x00020899       0xd0 ./Core/Src/main.o
 .debug_macro   0x00020969       0x70 ./Core/Src/main.o
 .debug_macro   0x000209d9       0xb2 ./Core/Src/main.o
 .debug_macro   0x00020a8b      0x15a ./Core/Src/main.o
 .debug_macro   0x00020be5      0x1d6 ./Core/Src/main.o
 .debug_macro   0x00020dbb       0x10 ./Core/Src/main.o
 .debug_macro   0x00020dcb      0x417 ./Core/Src/main.o
 .debug_macro   0x000211e2       0x61 ./Core/Src/main.o
 .debug_macro   0x00021243       0x2a ./Core/Src/main.o
 .debug_macro   0x0002126d       0x43 ./Core/Src/main.o
 .debug_macro   0x000212b0       0x34 ./Core/Src/main.o
 .debug_macro   0x000212e4       0x16 ./Core/Src/main.o
 .debug_macro   0x000212fa       0x43 ./Core/Src/main.o
 .debug_macro   0x0002133d       0x34 ./Core/Src/main.o
 .debug_macro   0x00021371       0x10 ./Core/Src/main.o
 .debug_macro   0x00021381       0x58 ./Core/Src/main.o
 .debug_macro   0x000213d9       0x8e ./Core/Src/main.o
 .debug_macro   0x00021467       0x16 ./Core/Src/main.o
 .debug_macro   0x0002147d      0x177 ./Core/Src/main.o
 .debug_macro   0x000215f4      0x38c ./Core/Src/main.o
 .debug_macro   0x00021980       0x10 ./Core/Src/main.o
 .debug_macro   0x00021990       0x35 ./Core/Src/main.o
 .debug_macro   0x000219c5       0x20 ./Core/Src/main.o
 .debug_macro   0x000219e5       0x8e ./Core/Src/main.o
 .debug_macro   0x00021a73       0x18 ./Core/Src/main.o
 .debug_macro   0x00021a8b      0x194 ./Core/Src/main.o
 .debug_macro   0x00021c1f       0x10 ./Core/Src/main.o
 .debug_macro   0x00021c2f       0x16 ./Core/Src/main.o
 .debug_macro   0x00021c45       0x16 ./Core/Src/main.o
 .debug_macro   0x00021c5b       0x29 ./Core/Src/main.o
 .debug_macro   0x00021c84       0x10 ./Core/Src/main.o
 .debug_macro   0x00021c94      0x3c7 ./Core/Src/main.o
 .debug_macro   0x0002205b       0x1c ./Core/Src/main.o
 .debug_macro   0x00022077       0x10 ./Core/Src/main.o
 .debug_macro   0x00022087       0x1c ./Core/Src/main.o
 .debug_macro   0x000220a3       0x16 ./Core/Src/main.o
 .debug_macro   0x000220b9      0x138 ./Core/Src/main.o
 .debug_macro   0x000221f1       0x1c ./Core/Src/main.o
 .debug_macro   0x0002220d      0x1e8 ./Core/Src/stm32l4xx_hal_msp.o
 .debug_macro   0x000223f5      0xab4 ./Core/Src/stm32l4xx_hal_msp.o
 .debug_macro   0x00022ea9     0x1011 ./Core/Src/stm32l4xx_hal_msp.o
 .debug_macro   0x00023eba      0x189 ./Core/Src/stm32l4xx_hal_msp.o
 .debug_macro   0x00024043      0x1f2 ./Core/Src/stm32l4xx_it.o
 .debug_macro   0x00024235       0xff ./Core/Src/sysmem.o
 .debug_macro   0x00024334      0x23c ./Core/Src/sysmem.o
 .debug_macro   0x00024570      0x1d9 ./Core/Src/system_stm32l4xx.o
 .debug_macro   0x00024749      0x227 ./Drivers/STM32L4xx_HAL_Driver/Src/stm32l4xx_hal.o
 .debug_macro   0x00024970      0x1d9 ./Drivers/STM32L4xx_HAL_Driver/Src/stm32l4xx_hal_cortex.o
 .debug_macro   0x00024b49      0x1e0 ./Drivers/STM32L4xx_HAL_Driver/Src/stm32l4xx_hal_gpio.o
 .debug_macro   0x00024d29      0x2a5 ./Drivers/STM32L4xx_HAL_Driver/Src/stm32l4xx_hal_i2c.o
 .debug_macro   0x00024fce      0x1d9 ./Drivers/STM32L4xx_HAL_Driver/Src/stm32l4xx_hal_i2c_ex.o
 .debug_macro   0x000251a7      0x1f1 ./Drivers/STM32L4xx_HAL_Driver/Src/stm32l4xx_hal_pwr.o
 .debug_macro   0x00025398      0x1fd ./Drivers/STM32L4xx_HAL_Driver/Src/stm32l4xx_hal_pwr_ex.o
 .debug_macro   0x00025595      0x21b ./Drivers/STM32L4xx_HAL_Driver/Src/stm32l4xx_hal_rcc.o
 .debug_macro   0x000257b0      0x20f ./Drivers/STM32L4xx_HAL_Driver/Src/stm32l4xx_hal_rcc_ex.o
 .debug_macro   0x000259bf      0x1da ./Drivers/STM32L4xx_HAL_Driver/Src/stm32l4xx_hal_tim.o
 .debug_macro   0x00025b99      0x1d9 ./Drivers/STM32L4xx_HAL_Driver/Src/stm32l4xx_hal_tim_ex.o
 .debug_macro   0x00025d72      0x204 ./Drivers/STM32L4xx_HAL_Driver/Src/stm32l4xx_hal_uart.o

.debug_line     0x00000000    0x15fc0
 .debug_line    0x00000000     0x18d0 ./Core/Src/main.o
 .debug_line    0x000018d0      0x88b ./Core/Src/stm32l4xx_hal_msp.o
 .debug_line    0x0000215b      0x7f3 ./Core/Src/stm32l4xx_it.o
 .debug_line    0x0000294e      0x51f ./Core/Src/sysmem.o
 .debug_line    0x00002e6d      0x7cb ./Core/Src/system_stm32l4xx.o
 .debug_line    0x00003638       0x7a ./Core/Startup/startup_stm32l433rctxp.o
 .debug_line    0x000036b2      0xb27 ./Drivers/STM32L4xx_HAL_Driver/Src/stm32l4xx_hal.o
 .debug_line    0x000041d9      0xcef ./Drivers/STM32L4xx_HAL_Driver/Src/stm32l4xx_hal_cortex.o
 .debug_line    0x00004ec8      0xb5e ./Drivers/STM32L4xx_HAL_Driver/Src/stm32l4xx_hal_gpio.o
 .debug_line    0x00005a26     0x3a59 ./Drivers/STM32L4xx_HAL_Driver/Src/stm32l4xx_hal_i2c.o
 .debug_line    0x0000947f      0x94e ./Drivers/STM32L4xx_HAL_Driver/Src/stm32l4xx_hal_i2c_ex.o
 .debug_line    0x00009dcd      0x8fd ./Drivers/STM32L4xx_HAL_Driver/Src/stm32l4xx_hal_pwr.o
 .debug_line    0x0000a6ca      0xc33 ./Drivers/STM32L4xx_HAL_Driver/Src/stm32l4xx_hal_pwr_ex.o
 .debug_line    0x0000b2fd      0xfdd ./Drivers/STM32L4xx_HAL_Driver/Src/stm32l4xx_hal_rcc.o
 .debug_line    0x0000c2da     0x13ca ./Drivers/STM32L4xx_HAL_Driver/Src/stm32l4xx_hal_rcc_ex.o
 .debug_line    0x0000d6a4     0x3c05 ./Drivers/STM32L4xx_HAL_Driver/Src/stm32l4xx_hal_tim.o
 .debug_line    0x000112a9     0x1b27 ./Drivers/STM32L4xx_HAL_Driver/Src/stm32l4xx_hal_tim_ex.o
 .debug_line    0x00012dd0     0x31f0 ./Drivers/STM32L4xx_HAL_Driver/Src/stm32l4xx_hal_uart.o

.debug_str      0x00000000    0xdcbf8
 .debug_str     0x00000000    0xd7828 ./Core/Src/main.o
                              0xd80b2 (size before relaxing)
 .debug_str     0x000d7828      0x4d6 ./Core/Src/stm32l4xx_hal_msp.o
                              0xcfdf4 (size before relaxing)
 .debug_str     0x000d7cfe       0xc9 ./Core/Src/stm32l4xx_it.o
                              0xcefc4 (size before relaxing)
 .debug_str     0x000d7dc7      0x534 ./Core/Src/sysmem.o
                               0x60b2 (size before relaxing)
 .debug_str     0x000d82fb       0xf2 ./Core/Src/system_stm32l4xx.o
                              0xcee4d (size before relaxing)
 .debug_str     0x000d83ed       0x45 ./Core/Startup/startup_stm32l433rctxp.o
                                 0x66 (size before relaxing)
 .debug_str     0x000d8432      0x9f7 ./Drivers/STM32L4xx_HAL_Driver/Src/stm32l4xx_hal.o
                              0xcf95b (size before relaxing)
 .debug_str     0x000d8e29      0x372 ./Drivers/STM32L4xx_HAL_Driver/Src/stm32l4xx_hal_cortex.o
                              0xcf5f2 (size before relaxing)
 .debug_str     0x000d919b      0x112 ./Drivers/STM32L4xx_HAL_Driver/Src/stm32l4xx_hal_gpio.o
                              0xcefc1 (size before relaxing)
 .debug_str     0x000d92ad      0xda5 ./Drivers/STM32L4xx_HAL_Driver/Src/stm32l4xx_hal_i2c.o
                              0xd004b (size before relaxing)
 .debug_str     0x000da052       0xb8 ./Drivers/STM32L4xx_HAL_Driver/Src/stm32l4xx_hal_i2c_ex.o
                              0xcf35a (size before relaxing)
 .debug_str     0x000da10a      0x317 ./Drivers/STM32L4xx_HAL_Driver/Src/stm32l4xx_hal_pwr.o
                              0xcf197 (size before relaxing)
 .debug_str     0x000da421      0x369 ./Drivers/STM32L4xx_HAL_Driver/Src/stm32l4xx_hal_pwr_ex.o
                              0xcf2f5 (size before relaxing)
 .debug_str     0x000da78a      0x33a ./Drivers/STM32L4xx_HAL_Driver/Src/stm32l4xx_hal_rcc.o
                              0xcf44d (size before relaxing)
 .debug_str     0x000daac4      0x4fb ./Drivers/STM32L4xx_HAL_Driver/Src/stm32l4xx_hal_rcc_ex.o
                              0xcf6ea (size before relaxing)
 .debug_str     0x000dafbf      0xdfc ./Drivers/STM32L4xx_HAL_Driver/Src/stm32l4xx_hal_tim.o
                              0xd018a (size before relaxing)
 .debug_str     0x000dbdbb      0x588 ./Drivers/STM32L4xx_HAL_Driver/Src/stm32l4xx_hal_tim_ex.o
                              0xcfa9e (size before relaxing)
 .debug_str     0x000dc343      0x8b5 ./Drivers/STM32L4xx_HAL_Driver/Src/stm32l4xx_hal_uart.o
                              0xcfba5 (size before relaxing)

.comment        0x00000000       0x43
 .comment       0x00000000       0x43 ./Core/Src/main.o
                                 0x44 (size before relaxing)
 .comment       0x00000043       0x44 ./Core/Src/stm32l4xx_hal_msp.o
 .comment       0x00000043       0x44 ./Core/Src/stm32l4xx_it.o
 .comment       0x00000043       0x44 ./Core/Src/sysmem.o
 .comment       0x00000043       0x44 ./Core/Src/system_stm32l4xx.o
 .comment       0x00000043       0x44 ./Drivers/STM32L4xx_HAL_Driver/Src/stm32l4xx_hal.o
 .comment       0x00000043       0x44 ./Drivers/STM32L4xx_HAL_Driver/Src/stm32l4xx_hal_cortex.o
 .comment       0x00000043       0x44 ./Drivers/STM32L4xx_HAL_Driver/Src/stm32l4xx_hal_gpio.o
 .comment       0x00000043       0x44 ./Drivers/STM32L4xx_HAL_Driver/Src/stm32l4xx_hal_i2c.o
 .comment       0x00000043       0x44 ./Drivers/STM32L4xx_HAL_Driver/Src/stm32l4xx_hal_i2c_ex.o
 .comment       0x00000043       0x44 ./Drivers/STM32L4xx_HAL_Driver/Src/stm32l4xx_hal_pwr.o
 .comment       0x00000043       0x44 ./Drivers/STM32L4xx_HAL_Driver/Src/stm32l4xx_hal_pwr_ex.o
 .comment       0x00000043       0x44 ./Drivers/STM32L4xx_HAL_Driver/Src/stm32l4xx_hal_rcc.o
 .comment       0x00000043       0x44 ./Drivers/STM32L4xx_HAL_Driver/Src/stm32l4xx_hal_rcc_ex.o
 .comment       0x00000043       0x44 ./Drivers/STM32L4xx_HAL_Driver/Src/stm32l4xx_hal_tim.o
 .comment       0x00000043       0x44 ./Drivers/STM32L4xx_HAL_Driver/Src/stm32l4xx_hal_tim_ex.o
 .comment       0x00000043       0x44 ./Drivers/STM32L4xx_HAL_Driver/Src/stm32l4xx_hal_uart.o

.debug_frame    0x00000000     0x575c
 .debug_frame   0x00000000      0x648 ./Core/Src/main.o
 .debug_frame   0x00000648      0x114 ./Core/Src/stm32l4xx_hal_msp.o
 .debug_frame   0x0000075c      0x104 ./Core/Src/stm32l4xx_it.o
 .debug_frame   0x00000860       0x34 ./Core/Src/sysmem.o
 .debug_frame   0x00000894       0x58 ./Core/Src/system_stm32l4xx.o
 .debug_frame   0x000008ec      0x498 ./Drivers/STM32L4xx_HAL_Driver/Src/stm32l4xx_hal.o
 .debug_frame   0x00000d84      0x4e8 ./Drivers/STM32L4xx_HAL_Driver/Src/stm32l4xx_hal_cortex.o
 .debug_frame   0x0000126c      0x14c ./Drivers/STM32L4xx_HAL_Driver/Src/stm32l4xx_hal_gpio.o
 .debug_frame   0x000013b8      0xc38 ./Drivers/STM32L4xx_HAL_Driver/Src/stm32l4xx_hal_i2c.o
 .debug_frame   0x00001ff0      0x100 ./Drivers/STM32L4xx_HAL_Driver/Src/stm32l4xx_hal_i2c_ex.o
 .debug_frame   0x000020f0      0x230 ./Drivers/STM32L4xx_HAL_Driver/Src/stm32l4xx_hal_pwr.o
 .debug_frame   0x00002320      0x4a4 ./Drivers/STM32L4xx_HAL_Driver/Src/stm32l4xx_hal_pwr_ex.o
 .debug_frame   0x000027c4      0x21c ./Drivers/STM32L4xx_HAL_Driver/Src/stm32l4xx_hal_rcc.o
 .debug_frame   0x000029e0      0x3d0 ./Drivers/STM32L4xx_HAL_Driver/Src/stm32l4xx_hal_rcc_ex.o
 .debug_frame   0x00002db0     0x121c ./Drivers/STM32L4xx_HAL_Driver/Src/stm32l4xx_hal_tim.o
 .debug_frame   0x00003fcc      0x6b0 ./Drivers/STM32L4xx_HAL_Driver/Src/stm32l4xx_hal_tim_ex.o
 .debug_frame   0x0000467c      0x9f4 ./Drivers/STM32L4xx_HAL_Driver/Src/stm32l4xx_hal_uart.o
 .debug_frame   0x00005070       0x3c D:/apps/STM32CubeIDE/plugins/com.st.stm32cube.ide.mcu.externaltools.gnu-tools-for-stm32.12.3.rel1.win32_1.1.0.202410251130/tools/bin/../lib/gcc/arm-none-eabi/12.3.1/../../../../arm-none-eabi/lib/thumb/v7e-m+fp/hard\libm.a(libm_a-sf_fmax.o)
 .debug_frame   0x000050ac       0x20 D:/apps/STM32CubeIDE/plugins/com.st.stm32cube.ide.mcu.externaltools.gnu-tools-for-stm32.12.3.rel1.win32_1.1.0.202410251130/tools/bin/../lib/gcc/arm-none-eabi/12.3.1/../../../../arm-none-eabi/lib/thumb/v7e-m+fp/hard\libm.a(libm_a-sf_fpclassify.o)
 .debug_frame   0x000050cc      0x144 D:/apps/STM32CubeIDE/plugins/com.st.stm32cube.ide.mcu.externaltools.gnu-tools-for-stm32.12.3.rel1.win32_1.1.0.202410251130/tools/bin/../lib/gcc/arm-none-eabi/12.3.1/../../../../arm-none-eabi/lib/thumb/v7e-m+fp/hard\libc_nano.a(libc_a-findfp.o)
 .debug_frame   0x00005210       0x6c D:/apps/STM32CubeIDE/plugins/com.st.stm32cube.ide.mcu.externaltools.gnu-tools-for-stm32.12.3.rel1.win32_1.1.0.202410251130/tools/bin/../lib/gcc/arm-none-eabi/12.3.1/../../../../arm-none-eabi/lib/thumb/v7e-m+fp/hard\libc_nano.a(libc_a-sprintf.o)
 .debug_frame   0x0000527c       0x20 D:/apps/STM32CubeIDE/plugins/com.st.stm32cube.ide.mcu.externaltools.gnu-tools-for-stm32.12.3.rel1.win32_1.1.0.202410251130/tools/bin/../lib/gcc/arm-none-eabi/12.3.1/../../../../arm-none-eabi/lib/thumb/v7e-m+fp/hard\libc_nano.a(libc_a-memset.o)
 .debug_frame   0x0000529c       0x38 D:/apps/STM32CubeIDE/plugins/com.st.stm32cube.ide.mcu.externaltools.gnu-tools-for-stm32.12.3.rel1.win32_1.1.0.202410251130/tools/bin/../lib/gcc/arm-none-eabi/12.3.1/../../../../arm-none-eabi/lib/thumb/v7e-m+fp/hard\libc_nano.a(libc_a-reent.o)
 .debug_frame   0x000052d4       0x20 D:/apps/STM32CubeIDE/plugins/com.st.stm32cube.ide.mcu.externaltools.gnu-tools-for-stm32.12.3.rel1.win32_1.1.0.202410251130/tools/bin/../lib/gcc/arm-none-eabi/12.3.1/../../../../arm-none-eabi/lib/thumb/v7e-m+fp/hard\libc_nano.a(libc_a-errno.o)
 .debug_frame   0x000052f4       0x2c D:/apps/STM32CubeIDE/plugins/com.st.stm32cube.ide.mcu.externaltools.gnu-tools-for-stm32.12.3.rel1.win32_1.1.0.202410251130/tools/bin/../lib/gcc/arm-none-eabi/12.3.1/../../../../arm-none-eabi/lib/thumb/v7e-m+fp/hard\libc_nano.a(libc_a-init.o)
 .debug_frame   0x00005320       0xb0 D:/apps/STM32CubeIDE/plugins/com.st.stm32cube.ide.mcu.externaltools.gnu-tools-for-stm32.12.3.rel1.win32_1.1.0.202410251130/tools/bin/../lib/gcc/arm-none-eabi/12.3.1/../../../../arm-none-eabi/lib/thumb/v7e-m+fp/hard\libc_nano.a(libc_a-lock.o)
 .debug_frame   0x000053d0       0x38 D:/apps/STM32CubeIDE/plugins/com.st.stm32cube.ide.mcu.externaltools.gnu-tools-for-stm32.12.3.rel1.win32_1.1.0.202410251130/tools/bin/../lib/gcc/arm-none-eabi/12.3.1/../../../../arm-none-eabi/lib/thumb/v7e-m+fp/hard\libc_nano.a(libc_a-freer.o)
 .debug_frame   0x00005408       0x50 D:/apps/STM32CubeIDE/plugins/com.st.stm32cube.ide.mcu.externaltools.gnu-tools-for-stm32.12.3.rel1.win32_1.1.0.202410251130/tools/bin/../lib/gcc/arm-none-eabi/12.3.1/../../../../arm-none-eabi/lib/thumb/v7e-m+fp/hard\libc_nano.a(libc_a-mallocr.o)
 .debug_frame   0x00005458       0x30 D:/apps/STM32CubeIDE/plugins/com.st.stm32cube.ide.mcu.externaltools.gnu-tools-for-stm32.12.3.rel1.win32_1.1.0.202410251130/tools/bin/../lib/gcc/arm-none-eabi/12.3.1/../../../../arm-none-eabi/lib/thumb/v7e-m+fp/hard\libc_nano.a(libc_a-mlock.o)
 .debug_frame   0x00005488       0x90 D:/apps/STM32CubeIDE/plugins/com.st.stm32cube.ide.mcu.externaltools.gnu-tools-for-stm32.12.3.rel1.win32_1.1.0.202410251130/tools/bin/../lib/gcc/arm-none-eabi/12.3.1/../../../../arm-none-eabi/lib/thumb/v7e-m+fp/hard\libc_nano.a(libc_a-nano-svfprintf.o)
 .debug_frame   0x00005518       0x60 D:/apps/STM32CubeIDE/plugins/com.st.stm32cube.ide.mcu.externaltools.gnu-tools-for-stm32.12.3.rel1.win32_1.1.0.202410251130/tools/bin/../lib/gcc/arm-none-eabi/12.3.1/../../../../arm-none-eabi/lib/thumb/v7e-m+fp/hard\libc_nano.a(libc_a-nano-vfprintf_i.o)
 .debug_frame   0x00005578       0x28 D:/apps/STM32CubeIDE/plugins/com.st.stm32cube.ide.mcu.externaltools.gnu-tools-for-stm32.12.3.rel1.win32_1.1.0.202410251130/tools/bin/../lib/gcc/arm-none-eabi/12.3.1/../../../../arm-none-eabi/lib/thumb/v7e-m+fp/hard\libc_nano.a(libc_a-memmove.o)
 .debug_frame   0x000055a0       0x2c D:/apps/STM32CubeIDE/plugins/com.st.stm32cube.ide.mcu.externaltools.gnu-tools-for-stm32.12.3.rel1.win32_1.1.0.202410251130/tools/bin/../lib/gcc/arm-none-eabi/12.3.1/../../../../arm-none-eabi/lib/thumb/v7e-m+fp/hard\libc_nano.a(libc_a-sbrkr.o)
 .debug_frame   0x000055cc       0x28 D:/apps/STM32CubeIDE/plugins/com.st.stm32cube.ide.mcu.externaltools.gnu-tools-for-stm32.12.3.rel1.win32_1.1.0.202410251130/tools/bin/../lib/gcc/arm-none-eabi/12.3.1/../../../../arm-none-eabi/lib/thumb/v7e-m+fp/hard\libc_nano.a(libc_a-memcpy-stub.o)
 .debug_frame   0x000055f4       0x3c D:/apps/STM32CubeIDE/plugins/com.st.stm32cube.ide.mcu.externaltools.gnu-tools-for-stm32.12.3.rel1.win32_1.1.0.202410251130/tools/bin/../lib/gcc/arm-none-eabi/12.3.1/../../../../arm-none-eabi/lib/thumb/v7e-m+fp/hard\libc_nano.a(libc_a-reallocr.o)
 .debug_frame   0x00005630       0x20 D:/apps/STM32CubeIDE/plugins/com.st.stm32cube.ide.mcu.externaltools.gnu-tools-for-stm32.12.3.rel1.win32_1.1.0.202410251130/tools/bin/../lib/gcc/arm-none-eabi/12.3.1/../../../../arm-none-eabi/lib/thumb/v7e-m+fp/hard\libc_nano.a(libc_a-msizer.o)
 .debug_frame   0x00005650       0xac D:/apps/STM32CubeIDE/plugins/com.st.stm32cube.ide.mcu.externaltools.gnu-tools-for-stm32.12.3.rel1.win32_1.1.0.202410251130/tools/bin/../lib/gcc/arm-none-eabi/12.3.1/thumb/v7e-m+fp/hard\libgcc.a(_arm_addsubdf3.o)
 .debug_frame   0x000056fc       0x2c D:/apps/STM32CubeIDE/plugins/com.st.stm32cube.ide.mcu.externaltools.gnu-tools-for-stm32.12.3.rel1.win32_1.1.0.202410251130/tools/bin/../lib/gcc/arm-none-eabi/12.3.1/thumb/v7e-m+fp/hard\libgcc.a(_aeabi_uldivmod.o)
 .debug_frame   0x00005728       0x34 D:/apps/STM32CubeIDE/plugins/com.st.stm32cube.ide.mcu.externaltools.gnu-tools-for-stm32.12.3.rel1.win32_1.1.0.202410251130/tools/bin/../lib/gcc/arm-none-eabi/12.3.1/thumb/v7e-m+fp/hard\libgcc.a(_udivmoddi4.o)

.debug_line_str
                0x00000000       0x4a
 .debug_line_str
                0x00000000       0x4a ./Core/Startup/startup_stm32l433rctxp.o
